2025-08-28T00:22:59.522+09:00  INFO 28868 --- [assignment] [restartedMain] c.r.assignment.AssignmentApplication     : Starting AssignmentApplication using Java 17.0.2 with PID 28868 (C:\mybackend\spring_boot\SpringBootAssignment-main\target\classes started by csu19 in C:\mybackend\spring_boot\SpringBootAssignment-main)
2025-08-28T00:22:59.530+09:00  INFO 28868 --- [assignment] [restartedMain] c.r.assignment.AssignmentApplication     : The following 1 profile is active: "prod"
2025-08-28T00:22:59.583+09:00  INFO 28868 --- [assignment] [restartedMain] .e.DevToolsPropertyDefaultsPostProcessor : Devtools property defaults active! Set 'spring.devtools.add-properties' to 'false' to disable
2025-08-28T00:22:59.584+09:00  INFO 28868 --- [assignment] [restartedMain] .e.DevToolsPropertyDefaultsPostProcessor : For additional web related logging consider setting the 'logging.level.web' property to 'DEBUG'
2025-08-28T00:23:00.705+09:00  INFO 28868 --- [assignment] [restartedMain] .s.d.r.c.RepositoryConfigurationDelegate : Bootstrapping Spring Data JPA repositories in DEFAULT mode.
2025-08-28T00:23:00.763+09:00  INFO 28868 --- [assignment] [restartedMain] .s.d.r.c.RepositoryConfigurationDelegate : Finished Spring Data repository scanning in 45 ms. Found 2 JPA repository interfaces.
2025-08-28T00:23:01.628+09:00  INFO 28868 --- [assignment] [restartedMain] o.s.b.w.embedded.tomcat.TomcatWebServer  : Tomcat initialized with port 8080 (http)
2025-08-28T00:23:01.652+09:00  INFO 28868 --- [assignment] [restartedMain] o.apache.catalina.core.StandardService   : Starting service [Tomcat]
2025-08-28T00:23:01.652+09:00  INFO 28868 --- [assignment] [restartedMain] o.apache.catalina.core.StandardEngine    : Starting Servlet engine: [Apache Tomcat/10.1.43]
2025-08-28T00:23:01.702+09:00  INFO 28868 --- [assignment] [restartedMain] o.a.c.c.C.[Tomcat].[localhost].[/]       : Initializing Spring embedded WebApplicationContext
2025-08-28T00:23:01.703+09:00  INFO 28868 --- [assignment] [restartedMain] w.s.c.ServletWebServerApplicationContext : Root WebApplicationContext: initialization completed in 2119 ms
2025-08-28T00:23:02.197+09:00  INFO 28868 --- [assignment] [restartedMain] o.hibernate.jpa.internal.util.LogHelper  : HHH000204: Processing PersistenceUnitInfo [name: default]
2025-08-28T00:23:02.345+09:00  INFO 28868 --- [assignment] [restartedMain] org.hibernate.Version                    : HHH000412: Hibernate ORM core version 6.6.22.Final
2025-08-28T00:23:02.418+09:00  INFO 28868 --- [assignment] [restartedMain] o.h.c.internal.RegionFactoryInitiator    : HHH000026: Second-level cache disabled
2025-08-28T00:23:02.944+09:00  INFO 28868 --- [assignment] [restartedMain] o.s.o.j.p.SpringPersistenceUnitInfo      : No LoadTimeWeaver setup: ignoring JPA class transformer
2025-08-28T00:23:03.002+09:00  INFO 28868 --- [assignment] [restartedMain] com.zaxxer.hikari.HikariDataSource       : HikariPool-1 - Starting...
2025-08-28T00:23:03.093+09:00  INFO 28868 --- [assignment] [restartedMain] com.zaxxer.hikari.pool.HikariPool        : HikariPool-1 - Added connection org.mariadb.jdbc.Connection@14f51ef9
2025-08-28T00:23:03.095+09:00  INFO 28868 --- [assignment] [restartedMain] com.zaxxer.hikari.HikariDataSource       : HikariPool-1 - Start completed.
2025-08-28T00:23:03.119+09:00  WARN 28868 --- [assignment] [restartedMain] org.hibernate.orm.deprecation            : HHH90000025: MariaDBDialect does not need to be specified explicitly using 'hibernate.dialect' (remove the property setting and it will be selected by default)
2025-08-28T00:23:03.135+09:00  INFO 28868 --- [assignment] [restartedMain] org.hibernate.orm.connections.pooling    : HHH10001005: Database info:
	Database JDBC URL [Connecting through datasource 'HikariDataSource (HikariPool-1)']
	Database driver: undefined/unknown
	Database version: 10.11.5
	Autocommit mode: undefined/unknown
	Isolation level: undefined/unknown
	Minimum pool size: undefined/unknown
	Maximum pool size: undefined/unknown
2025-08-28T00:23:03.874+09:00  INFO 28868 --- [assignment] [restartedMain] o.h.e.t.j.p.i.JtaPlatformInitiator       : HHH000489: No JTA platform available (set 'hibernate.transaction.jta.platform' to enable JTA platform integration)
2025-08-28T00:23:03.920+09:00  INFO 28868 --- [assignment] [restartedMain] j.LocalContainerEntityManagerFactoryBean : Initialized JPA EntityManagerFactory for persistence unit 'default'
2025-08-28T00:23:04.226+09:00  INFO 28868 --- [assignment] [restartedMain] o.s.d.j.r.query.QueryEnhancerFactory     : Hibernate is in classpath; If applicable, HQL parser will be used.
2025-08-28T00:23:04.870+09:00  WARN 28868 --- [assignment] [restartedMain] JpaBaseConfiguration$JpaWebConfiguration : spring.jpa.open-in-view is enabled by default. Therefore, database queries may be performed during view rendering. Explicitly configure spring.jpa.open-in-view to disable this warning
2025-08-28T00:23:05.235+09:00  WARN 28868 --- [assignment] [restartedMain] ion$DefaultTemplateResolverConfiguration : Cannot find template location: classpath:/templates/ (please add some templates, check your Thymeleaf configuration, or set spring.thymeleaf.check-template-location=false)
2025-08-28T00:23:05.550+09:00  INFO 28868 --- [assignment] [restartedMain] o.s.b.a.h2.H2ConsoleAutoConfiguration    : H2 console available at '/h2-console'. Database available at 'jdbc:mariadb://127.0.0.1/lab_db?user=lab&password=***'
2025-08-28T00:23:05.593+09:00  WARN 28868 --- [assignment] [restartedMain] o.s.b.d.a.OptionalLiveReloadServer       : Unable to start LiveReload server
2025-08-28T00:23:05.601+09:00  INFO 28868 --- [assignment] [restartedMain] o.s.b.a.e.web.EndpointLinksResolver      : Exposing 1 endpoint beneath base path '/actuator'
2025-08-28T00:23:05.663+09:00  WARN 28868 --- [assignment] [restartedMain] ConfigServletWebServerApplicationContext : Exception encountered during context initialization - cancelling refresh attempt: org.springframework.context.ApplicationContextException: Failed to start bean 'webServerStartStop'
2025-08-28T00:23:05.665+09:00  INFO 28868 --- [assignment] [restartedMain] j.LocalContainerEntityManagerFactoryBean : Closing JPA EntityManagerFactory for persistence unit 'default'
2025-08-28T00:23:05.668+09:00  INFO 28868 --- [assignment] [restartedMain] com.zaxxer.hikari.HikariDataSource       : HikariPool-1 - Shutdown initiated...
2025-08-28T00:23:05.673+09:00  INFO 28868 --- [assignment] [restartedMain] com.zaxxer.hikari.HikariDataSource       : HikariPool-1 - Shutdown completed.
2025-08-28T00:23:05.699+09:00  INFO 28868 --- [assignment] [restartedMain] .s.b.a.l.ConditionEvaluationReportLogger : 

Error starting ApplicationContext. To display the condition evaluation report re-run your application with 'debug' enabled.
2025-08-28T00:23:05.718+09:00 ERROR 28868 --- [assignment] [restartedMain] o.s.b.d.LoggingFailureAnalysisReporter   : 

***************************
APPLICATION FAILED TO START
***************************

Description:

Web server failed to start. Port 8080 was already in use.

Action:

Identify and stop the process that's listening on port 8080 or configure this application to listen on another port.

2025-08-28T01:06:17.847+09:00  INFO 35796 --- [assignment] [restartedMain] c.r.assignment.AssignmentApplication     : Starting AssignmentApplication using Java 17.0.2 with PID 35796 (C:\mybackend\spring_boot\SpringBootAssignment-main\target\classes started by csu19 in C:\mybackend\spring_boot\SpringBootAssignment-main)
2025-08-28T01:06:17.853+09:00  INFO 35796 --- [assignment] [restartedMain] c.r.assignment.AssignmentApplication     : The following 1 profile is active: "prod"
2025-08-28T01:06:17.904+09:00  INFO 35796 --- [assignment] [restartedMain] .e.DevToolsPropertyDefaultsPostProcessor : Devtools property defaults active! Set 'spring.devtools.add-properties' to 'false' to disable
2025-08-28T01:06:17.904+09:00  INFO 35796 --- [assignment] [restartedMain] .e.DevToolsPropertyDefaultsPostProcessor : For additional web related logging consider setting the 'logging.level.web' property to 'DEBUG'
2025-08-28T01:06:18.773+09:00  INFO 35796 --- [assignment] [restartedMain] .s.d.r.c.RepositoryConfigurationDelegate : Bootstrapping Spring Data JPA repositories in DEFAULT mode.
2025-08-28T01:06:18.817+09:00  INFO 35796 --- [assignment] [restartedMain] .s.d.r.c.RepositoryConfigurationDelegate : Finished Spring Data repository scanning in 36 ms. Found 2 JPA repository interfaces.
2025-08-28T01:06:19.465+09:00  INFO 35796 --- [assignment] [restartedMain] o.s.b.w.embedded.tomcat.TomcatWebServer  : Tomcat initialized with port 8080 (http)
2025-08-28T01:06:19.485+09:00  INFO 35796 --- [assignment] [restartedMain] o.apache.catalina.core.StandardService   : Starting service [Tomcat]
2025-08-28T01:06:19.486+09:00  INFO 35796 --- [assignment] [restartedMain] o.apache.catalina.core.StandardEngine    : Starting Servlet engine: [Apache Tomcat/10.1.43]
2025-08-28T01:06:19.560+09:00  INFO 35796 --- [assignment] [restartedMain] o.a.c.c.C.[Tomcat].[localhost].[/]       : Initializing Spring embedded WebApplicationContext
2025-08-28T01:06:19.560+09:00  INFO 35796 --- [assignment] [restartedMain] w.s.c.ServletWebServerApplicationContext : Root WebApplicationContext: initialization completed in 1655 ms
2025-08-28T01:06:20.076+09:00  INFO 35796 --- [assignment] [restartedMain] o.hibernate.jpa.internal.util.LogHelper  : HHH000204: Processing PersistenceUnitInfo [name: default]
2025-08-28T01:06:20.187+09:00  INFO 35796 --- [assignment] [restartedMain] org.hibernate.Version                    : HHH000412: Hibernate ORM core version 6.6.22.Final
2025-08-28T01:06:20.217+09:00  INFO 35796 --- [assignment] [restartedMain] o.h.c.internal.RegionFactoryInitiator    : HHH000026: Second-level cache disabled
2025-08-28T01:06:20.647+09:00  INFO 35796 --- [assignment] [restartedMain] o.s.o.j.p.SpringPersistenceUnitInfo      : No LoadTimeWeaver setup: ignoring JPA class transformer
2025-08-28T01:06:20.673+09:00  INFO 35796 --- [assignment] [restartedMain] com.zaxxer.hikari.HikariDataSource       : HikariPool-1 - Starting...
2025-08-28T01:06:20.734+09:00  INFO 35796 --- [assignment] [restartedMain] com.zaxxer.hikari.pool.HikariPool        : HikariPool-1 - Added connection org.mariadb.jdbc.Connection@256494dd
2025-08-28T01:06:20.735+09:00  INFO 35796 --- [assignment] [restartedMain] com.zaxxer.hikari.HikariDataSource       : HikariPool-1 - Start completed.
2025-08-28T01:06:20.752+09:00  WARN 35796 --- [assignment] [restartedMain] org.hibernate.orm.deprecation            : HHH90000025: MariaDBDialect does not need to be specified explicitly using 'hibernate.dialect' (remove the property setting and it will be selected by default)
2025-08-28T01:06:20.764+09:00  INFO 35796 --- [assignment] [restartedMain] org.hibernate.orm.connections.pooling    : HHH10001005: Database info:
	Database JDBC URL [Connecting through datasource 'HikariDataSource (HikariPool-1)']
	Database driver: undefined/unknown
	Database version: 10.11.5
	Autocommit mode: undefined/unknown
	Isolation level: undefined/unknown
	Minimum pool size: undefined/unknown
	Maximum pool size: undefined/unknown
2025-08-28T01:06:21.333+09:00  INFO 35796 --- [assignment] [restartedMain] o.h.e.t.j.p.i.JtaPlatformInitiator       : HHH000489: No JTA platform available (set 'hibernate.transaction.jta.platform' to enable JTA platform integration)
2025-08-28T01:06:21.376+09:00  INFO 35796 --- [assignment] [restartedMain] j.LocalContainerEntityManagerFactoryBean : Initialized JPA EntityManagerFactory for persistence unit 'default'
2025-08-28T01:06:21.693+09:00  INFO 35796 --- [assignment] [restartedMain] o.s.d.j.r.query.QueryEnhancerFactory     : Hibernate is in classpath; If applicable, HQL parser will be used.
2025-08-28T01:06:22.325+09:00  WARN 35796 --- [assignment] [restartedMain] JpaBaseConfiguration$JpaWebConfiguration : spring.jpa.open-in-view is enabled by default. Therefore, database queries may be performed during view rendering. Explicitly configure spring.jpa.open-in-view to disable this warning
2025-08-28T01:06:22.793+09:00  WARN 35796 --- [assignment] [restartedMain] ion$DefaultTemplateResolverConfiguration : Cannot find template location: classpath:/templates/ (please add some templates, check your Thymeleaf configuration, or set spring.thymeleaf.check-template-location=false)
2025-08-28T01:06:23.138+09:00  INFO 35796 --- [assignment] [restartedMain] o.s.b.a.h2.H2ConsoleAutoConfiguration    : H2 console available at '/h2-console'. Database available at 'jdbc:mariadb://127.0.0.1/lab_db?user=lab&password=***'
2025-08-28T01:06:23.192+09:00  WARN 35796 --- [assignment] [restartedMain] o.s.b.d.a.OptionalLiveReloadServer       : Unable to start LiveReload server
2025-08-28T01:06:23.200+09:00  INFO 35796 --- [assignment] [restartedMain] o.s.b.a.e.web.EndpointLinksResolver      : Exposing 1 endpoint beneath base path '/actuator'
2025-08-28T01:06:23.273+09:00  WARN 35796 --- [assignment] [restartedMain] ConfigServletWebServerApplicationContext : Exception encountered during context initialization - cancelling refresh attempt: org.springframework.context.ApplicationContextException: Failed to start bean 'webServerStartStop'
2025-08-28T01:06:23.275+09:00  INFO 35796 --- [assignment] [restartedMain] j.LocalContainerEntityManagerFactoryBean : Closing JPA EntityManagerFactory for persistence unit 'default'
2025-08-28T01:06:23.280+09:00  INFO 35796 --- [assignment] [restartedMain] com.zaxxer.hikari.HikariDataSource       : HikariPool-1 - Shutdown initiated...
2025-08-28T01:06:23.286+09:00  INFO 35796 --- [assignment] [restartedMain] com.zaxxer.hikari.HikariDataSource       : HikariPool-1 - Shutdown completed.
2025-08-28T01:06:23.298+09:00  INFO 35796 --- [assignment] [restartedMain] .s.b.a.l.ConditionEvaluationReportLogger : 

Error starting ApplicationContext. To display the condition evaluation report re-run your application with 'debug' enabled.
2025-08-28T01:06:23.314+09:00 ERROR 35796 --- [assignment] [restartedMain] o.s.b.d.LoggingFailureAnalysisReporter   : 

***************************
APPLICATION FAILED TO START
***************************

Description:

Web server failed to start. Port 8080 was already in use.

Action:

Identify and stop the process that's listening on port 8080 or configure this application to listen on another port.

2025-08-28T01:06:37.509+09:00  INFO 19460 --- [assignment] [restartedMain] c.r.assignment.AssignmentApplication     : Starting AssignmentApplication using Java 17.0.2 with PID 19460 (C:\mybackend\spring_boot\SpringBootAssignment-main\target\classes started by csu19 in C:\mybackend\spring_boot\SpringBootAssignment-main)
2025-08-28T01:06:37.512+09:00  INFO 19460 --- [assignment] [restartedMain] c.r.assignment.AssignmentApplication     : The following 1 profile is active: "prod"
2025-08-28T01:06:37.557+09:00  INFO 19460 --- [assignment] [restartedMain] .e.DevToolsPropertyDefaultsPostProcessor : Devtools property defaults active! Set 'spring.devtools.add-properties' to 'false' to disable
2025-08-28T01:06:37.558+09:00  INFO 19460 --- [assignment] [restartedMain] .e.DevToolsPropertyDefaultsPostProcessor : For additional web related logging consider setting the 'logging.level.web' property to 'DEBUG'
2025-08-28T01:06:38.539+09:00  INFO 19460 --- [assignment] [restartedMain] .s.d.r.c.RepositoryConfigurationDelegate : Bootstrapping Spring Data JPA repositories in DEFAULT mode.
2025-08-28T01:06:38.587+09:00  INFO 19460 --- [assignment] [restartedMain] .s.d.r.c.RepositoryConfigurationDelegate : Finished Spring Data repository scanning in 41 ms. Found 2 JPA repository interfaces.
2025-08-28T01:06:39.279+09:00  INFO 19460 --- [assignment] [restartedMain] o.s.b.w.embedded.tomcat.TomcatWebServer  : Tomcat initialized with port 8080 (http)
2025-08-28T01:06:39.296+09:00  INFO 19460 --- [assignment] [restartedMain] o.apache.catalina.core.StandardService   : Starting service [Tomcat]
2025-08-28T01:06:39.296+09:00  INFO 19460 --- [assignment] [restartedMain] o.apache.catalina.core.StandardEngine    : Starting Servlet engine: [Apache Tomcat/10.1.43]
2025-08-28T01:06:39.366+09:00  INFO 19460 --- [assignment] [restartedMain] o.a.c.c.C.[Tomcat].[localhost].[/]       : Initializing Spring embedded WebApplicationContext
2025-08-28T01:06:39.366+09:00  INFO 19460 --- [assignment] [restartedMain] w.s.c.ServletWebServerApplicationContext : Root WebApplicationContext: initialization completed in 1808 ms
2025-08-28T01:06:39.668+09:00  INFO 19460 --- [assignment] [restartedMain] o.hibernate.jpa.internal.util.LogHelper  : HHH000204: Processing PersistenceUnitInfo [name: default]
2025-08-28T01:06:39.744+09:00  INFO 19460 --- [assignment] [restartedMain] org.hibernate.Version                    : HHH000412: Hibernate ORM core version 6.6.22.Final
2025-08-28T01:06:39.788+09:00  INFO 19460 --- [assignment] [restartedMain] o.h.c.internal.RegionFactoryInitiator    : HHH000026: Second-level cache disabled
2025-08-28T01:06:40.076+09:00  INFO 19460 --- [assignment] [restartedMain] o.s.o.j.p.SpringPersistenceUnitInfo      : No LoadTimeWeaver setup: ignoring JPA class transformer
2025-08-28T01:06:40.109+09:00  INFO 19460 --- [assignment] [restartedMain] com.zaxxer.hikari.HikariDataSource       : HikariPool-1 - Starting...
2025-08-28T01:06:40.162+09:00  INFO 19460 --- [assignment] [restartedMain] com.zaxxer.hikari.pool.HikariPool        : HikariPool-1 - Added connection org.mariadb.jdbc.Connection@3654beee
2025-08-28T01:06:40.163+09:00  INFO 19460 --- [assignment] [restartedMain] com.zaxxer.hikari.HikariDataSource       : HikariPool-1 - Start completed.
2025-08-28T01:06:40.180+09:00  WARN 19460 --- [assignment] [restartedMain] org.hibernate.orm.deprecation            : HHH90000025: MariaDBDialect does not need to be specified explicitly using 'hibernate.dialect' (remove the property setting and it will be selected by default)
2025-08-28T01:06:40.192+09:00  INFO 19460 --- [assignment] [restartedMain] org.hibernate.orm.connections.pooling    : HHH10001005: Database info:
	Database JDBC URL [Connecting through datasource 'HikariDataSource (HikariPool-1)']
	Database driver: undefined/unknown
	Database version: 10.11.5
	Autocommit mode: undefined/unknown
	Isolation level: undefined/unknown
	Minimum pool size: undefined/unknown
	Maximum pool size: undefined/unknown
2025-08-28T01:06:40.780+09:00  INFO 19460 --- [assignment] [restartedMain] o.h.e.t.j.p.i.JtaPlatformInitiator       : HHH000489: No JTA platform available (set 'hibernate.transaction.jta.platform' to enable JTA platform integration)
2025-08-28T01:06:40.822+09:00  INFO 19460 --- [assignment] [restartedMain] j.LocalContainerEntityManagerFactoryBean : Initialized JPA EntityManagerFactory for persistence unit 'default'
2025-08-28T01:06:41.110+09:00  INFO 19460 --- [assignment] [restartedMain] o.s.d.j.r.query.QueryEnhancerFactory     : Hibernate is in classpath; If applicable, HQL parser will be used.
2025-08-28T01:06:41.638+09:00  WARN 19460 --- [assignment] [restartedMain] JpaBaseConfiguration$JpaWebConfiguration : spring.jpa.open-in-view is enabled by default. Therefore, database queries may be performed during view rendering. Explicitly configure spring.jpa.open-in-view to disable this warning
2025-08-28T01:06:42.117+09:00  WARN 19460 --- [assignment] [restartedMain] ion$DefaultTemplateResolverConfiguration : Cannot find template location: classpath:/templates/ (please add some templates, check your Thymeleaf configuration, or set spring.thymeleaf.check-template-location=false)
2025-08-28T01:06:42.392+09:00  INFO 19460 --- [assignment] [restartedMain] o.s.b.a.h2.H2ConsoleAutoConfiguration    : H2 console available at '/h2-console'. Database available at 'jdbc:mariadb://127.0.0.1/lab_db?user=lab&password=***'
2025-08-28T01:06:42.436+09:00  INFO 19460 --- [assignment] [restartedMain] o.s.b.d.a.OptionalLiveReloadServer       : LiveReload server is running on port 35729
2025-08-28T01:06:42.442+09:00  INFO 19460 --- [assignment] [restartedMain] o.s.b.a.e.web.EndpointLinksResolver      : Exposing 1 endpoint beneath base path '/actuator'
2025-08-28T01:06:42.511+09:00  INFO 19460 --- [assignment] [restartedMain] o.s.b.w.embedded.tomcat.TomcatWebServer  : Tomcat started on port 8080 (http) with context path '/'
2025-08-28T01:06:42.525+09:00  INFO 19460 --- [assignment] [restartedMain] c.r.assignment.AssignmentApplication     : Started AssignmentApplication in 5.5 seconds (process running for 5.862)
2025-08-28T01:06:42.572+09:00  INFO 19460 --- [assignment] [restartedMain] c.r.assignment.runner.MyPropRunner       : 현재 활성호된 CustomerVo Bean = MyEnvironment(mode=운영환경)
2025-08-28T01:06:42.573+09:00  INFO 19460 --- [assignment] [restartedMain] c.r.assignment.runner.MyPropRunner       : username = springboot
2025-08-28T01:06:42.573+09:00  INFO 19460 --- [assignment] [restartedMain] c.r.assignment.runner.MyPropRunner       : port = 13
2025-08-28T01:06:42.574+09:00  INFO 19460 --- [assignment] [restartedMain] c.r.assignment.runner.MyPropRunner       : username = springboot
2025-08-28T01:06:42.574+09:00  INFO 19460 --- [assignment] [restartedMain] c.r.assignment.runner.MyPropRunner       : port = 73
2025-08-28T01:06:48.198+09:00  INFO 19460 --- [assignment] [http-nio-8080-exec-1] o.a.c.c.C.[Tomcat].[localhost].[/]       : Initializing Spring DispatcherServlet 'dispatcherServlet'
2025-08-28T01:06:48.198+09:00  INFO 19460 --- [assignment] [http-nio-8080-exec-1] o.s.web.servlet.DispatcherServlet        : Initializing Servlet 'dispatcherServlet'
2025-08-28T01:06:48.200+09:00  INFO 19460 --- [assignment] [http-nio-8080-exec-1] o.s.web.servlet.DispatcherServlet        : Completed initialization in 2 ms
2025-08-28T01:16:04.618+09:00  INFO 19460 --- [assignment] [SpringApplicationShutdownHook] o.s.b.w.e.tomcat.GracefulShutdown        : Commencing graceful shutdown. Waiting for active requests to complete
2025-08-28T01:16:04.693+09:00  INFO 19460 --- [assignment] [tomcat-shutdown] o.s.b.w.e.tomcat.GracefulShutdown        : Graceful shutdown complete
2025-08-28T01:16:04.696+09:00  INFO 19460 --- [assignment] [SpringApplicationShutdownHook] j.LocalContainerEntityManagerFactoryBean : Closing JPA EntityManagerFactory for persistence unit 'default'
2025-08-28T01:16:04.699+09:00  INFO 19460 --- [assignment] [SpringApplicationShutdownHook] com.zaxxer.hikari.HikariDataSource       : HikariPool-1 - Shutdown initiated...
2025-08-28T01:16:04.702+09:00  INFO 19460 --- [assignment] [SpringApplicationShutdownHook] com.zaxxer.hikari.HikariDataSource       : HikariPool-1 - Shutdown completed.
2025-08-28T01:16:07.489+09:00  INFO 24088 --- [assignment] [restartedMain] c.r.assignment.AssignmentApplication     : Starting AssignmentApplication using Java 17.0.2 with PID 24088 (C:\mybackend\spring_boot\SpringBootAssignment-main\target\classes started by csu19 in C:\mybackend\spring_boot\SpringBootAssignment-main)
2025-08-28T01:16:07.493+09:00  INFO 24088 --- [assignment] [restartedMain] c.r.assignment.AssignmentApplication     : The following 1 profile is active: "prod"
2025-08-28T01:16:07.552+09:00  INFO 24088 --- [assignment] [restartedMain] .e.DevToolsPropertyDefaultsPostProcessor : Devtools property defaults active! Set 'spring.devtools.add-properties' to 'false' to disable
2025-08-28T01:16:07.552+09:00  INFO 24088 --- [assignment] [restartedMain] .e.DevToolsPropertyDefaultsPostProcessor : For additional web related logging consider setting the 'logging.level.web' property to 'DEBUG'
2025-08-28T01:16:08.545+09:00  INFO 24088 --- [assignment] [restartedMain] .s.d.r.c.RepositoryConfigurationDelegate : Bootstrapping Spring Data JPA repositories in DEFAULT mode.
2025-08-28T01:16:08.602+09:00  INFO 24088 --- [assignment] [restartedMain] .s.d.r.c.RepositoryConfigurationDelegate : Finished Spring Data repository scanning in 48 ms. Found 2 JPA repository interfaces.
2025-08-28T01:16:09.352+09:00  INFO 24088 --- [assignment] [restartedMain] o.s.b.w.embedded.tomcat.TomcatWebServer  : Tomcat initialized with port 8080 (http)
2025-08-28T01:16:09.375+09:00  INFO 24088 --- [assignment] [restartedMain] o.apache.catalina.core.StandardService   : Starting service [Tomcat]
2025-08-28T01:16:09.376+09:00  INFO 24088 --- [assignment] [restartedMain] o.apache.catalina.core.StandardEngine    : Starting Servlet engine: [Apache Tomcat/10.1.43]
2025-08-28T01:16:09.464+09:00  INFO 24088 --- [assignment] [restartedMain] o.a.c.c.C.[Tomcat].[localhost].[/]       : Initializing Spring embedded WebApplicationContext
2025-08-28T01:16:09.464+09:00  INFO 24088 --- [assignment] [restartedMain] w.s.c.ServletWebServerApplicationContext : Root WebApplicationContext: initialization completed in 1911 ms
2025-08-28T01:16:09.946+09:00  INFO 24088 --- [assignment] [restartedMain] o.hibernate.jpa.internal.util.LogHelper  : HHH000204: Processing PersistenceUnitInfo [name: default]
2025-08-28T01:16:10.017+09:00  INFO 24088 --- [assignment] [restartedMain] org.hibernate.Version                    : HHH000412: Hibernate ORM core version 6.6.22.Final
2025-08-28T01:16:10.048+09:00  INFO 24088 --- [assignment] [restartedMain] o.h.c.internal.RegionFactoryInitiator    : HHH000026: Second-level cache disabled
2025-08-28T01:16:10.288+09:00  INFO 24088 --- [assignment] [restartedMain] o.s.o.j.p.SpringPersistenceUnitInfo      : No LoadTimeWeaver setup: ignoring JPA class transformer
2025-08-28T01:16:10.314+09:00  INFO 24088 --- [assignment] [restartedMain] com.zaxxer.hikari.HikariDataSource       : HikariPool-1 - Starting...
2025-08-28T01:16:10.369+09:00  INFO 24088 --- [assignment] [restartedMain] com.zaxxer.hikari.pool.HikariPool        : HikariPool-1 - Added connection org.mariadb.jdbc.Connection@282851a4
2025-08-28T01:16:10.371+09:00  INFO 24088 --- [assignment] [restartedMain] com.zaxxer.hikari.HikariDataSource       : HikariPool-1 - Start completed.
2025-08-28T01:16:10.392+09:00  WARN 24088 --- [assignment] [restartedMain] org.hibernate.orm.deprecation            : HHH90000025: MariaDBDialect does not need to be specified explicitly using 'hibernate.dialect' (remove the property setting and it will be selected by default)
2025-08-28T01:16:10.407+09:00  INFO 24088 --- [assignment] [restartedMain] org.hibernate.orm.connections.pooling    : HHH10001005: Database info:
	Database JDBC URL [Connecting through datasource 'HikariDataSource (HikariPool-1)']
	Database driver: undefined/unknown
	Database version: 10.11.5
	Autocommit mode: undefined/unknown
	Isolation level: undefined/unknown
	Minimum pool size: undefined/unknown
	Maximum pool size: undefined/unknown
2025-08-28T01:16:10.958+09:00  INFO 24088 --- [assignment] [restartedMain] o.h.e.t.j.p.i.JtaPlatformInitiator       : HHH000489: No JTA platform available (set 'hibernate.transaction.jta.platform' to enable JTA platform integration)
2025-08-28T01:16:10.991+09:00  INFO 24088 --- [assignment] [restartedMain] j.LocalContainerEntityManagerFactoryBean : Initialized JPA EntityManagerFactory for persistence unit 'default'
2025-08-28T01:16:11.306+09:00  INFO 24088 --- [assignment] [restartedMain] o.s.d.j.r.query.QueryEnhancerFactory     : Hibernate is in classpath; If applicable, HQL parser will be used.
2025-08-28T01:16:11.813+09:00  WARN 24088 --- [assignment] [restartedMain] JpaBaseConfiguration$JpaWebConfiguration : spring.jpa.open-in-view is enabled by default. Therefore, database queries may be performed during view rendering. Explicitly configure spring.jpa.open-in-view to disable this warning
2025-08-28T01:16:12.344+09:00  WARN 24088 --- [assignment] [restartedMain] ion$DefaultTemplateResolverConfiguration : Cannot find template location: classpath:/templates/ (please add some templates, check your Thymeleaf configuration, or set spring.thymeleaf.check-template-location=false)
2025-08-28T01:16:12.566+09:00  INFO 24088 --- [assignment] [restartedMain] o.s.b.a.h2.H2ConsoleAutoConfiguration    : H2 console available at '/h2-console'. Database available at 'jdbc:mariadb://127.0.0.1/lab_db?user=lab&password=***'
2025-08-28T01:16:12.600+09:00  INFO 24088 --- [assignment] [restartedMain] o.s.b.d.a.OptionalLiveReloadServer       : LiveReload server is running on port 35729
2025-08-28T01:16:12.607+09:00  INFO 24088 --- [assignment] [restartedMain] o.s.b.a.e.web.EndpointLinksResolver      : Exposing 1 endpoint beneath base path '/actuator'
2025-08-28T01:16:12.676+09:00  INFO 24088 --- [assignment] [restartedMain] o.s.b.w.embedded.tomcat.TomcatWebServer  : Tomcat started on port 8080 (http) with context path '/'
2025-08-28T01:16:12.689+09:00  INFO 24088 --- [assignment] [restartedMain] c.r.assignment.AssignmentApplication     : Started AssignmentApplication in 5.651 seconds (process running for 5.973)
2025-08-28T01:16:12.728+09:00  INFO 24088 --- [assignment] [restartedMain] c.r.assignment.runner.MyPropRunner       : 현재 활성호된 CustomerVo Bean = MyEnvironment(mode=운영환경)
2025-08-28T01:16:12.730+09:00  INFO 24088 --- [assignment] [restartedMain] c.r.assignment.runner.MyPropRunner       : username = springboot
2025-08-28T01:16:12.730+09:00  INFO 24088 --- [assignment] [restartedMain] c.r.assignment.runner.MyPropRunner       : port = 1
2025-08-28T01:16:12.730+09:00  INFO 24088 --- [assignment] [restartedMain] c.r.assignment.runner.MyPropRunner       : username = springboot
2025-08-28T01:16:12.730+09:00  INFO 24088 --- [assignment] [restartedMain] c.r.assignment.runner.MyPropRunner       : port = 62
2025-08-28T01:16:20.045+09:00  INFO 24088 --- [assignment] [http-nio-8080-exec-1] o.a.c.c.C.[Tomcat].[localhost].[/]       : Initializing Spring DispatcherServlet 'dispatcherServlet'
2025-08-28T01:16:20.045+09:00  INFO 24088 --- [assignment] [http-nio-8080-exec-1] o.s.web.servlet.DispatcherServlet        : Initializing Servlet 'dispatcherServlet'
2025-08-28T01:16:20.047+09:00  INFO 24088 --- [assignment] [http-nio-8080-exec-1] o.s.web.servlet.DispatcherServlet        : Completed initialization in 2 ms
2025-08-28T01:17:00.956+09:00  INFO 24088 --- [assignment] [SpringApplicationShutdownHook] o.s.b.w.e.tomcat.GracefulShutdown        : Commencing graceful shutdown. Waiting for active requests to complete
2025-08-28T01:17:01.043+09:00  INFO 24088 --- [assignment] [tomcat-shutdown] o.s.b.w.e.tomcat.GracefulShutdown        : Graceful shutdown complete
2025-08-28T01:17:01.047+09:00  INFO 24088 --- [assignment] [SpringApplicationShutdownHook] j.LocalContainerEntityManagerFactoryBean : Closing JPA EntityManagerFactory for persistence unit 'default'
2025-08-28T01:17:01.049+09:00  INFO 24088 --- [assignment] [SpringApplicationShutdownHook] com.zaxxer.hikari.HikariDataSource       : HikariPool-1 - Shutdown initiated...
2025-08-28T01:17:01.052+09:00  INFO 24088 --- [assignment] [SpringApplicationShutdownHook] com.zaxxer.hikari.HikariDataSource       : HikariPool-1 - Shutdown completed.
2025-08-28T21:34:38.794+09:00  INFO 39672 --- [assignment] [restartedMain] c.r.assignment.AssignmentApplication     : Starting AssignmentApplication using Java 17.0.2 with PID 39672 (C:\mybackend\spring_boot\SpringBootAssignment-main\target\classes started by csu19 in C:\mybackend\spring_boot\SpringBootAssignment-main)
2025-08-28T21:34:38.800+09:00  INFO 39672 --- [assignment] [restartedMain] c.r.assignment.AssignmentApplication     : The following 1 profile is active: "prod"
2025-08-28T21:34:38.869+09:00  INFO 39672 --- [assignment] [restartedMain] .e.DevToolsPropertyDefaultsPostProcessor : Devtools property defaults active! Set 'spring.devtools.add-properties' to 'false' to disable
2025-08-28T21:34:38.870+09:00  INFO 39672 --- [assignment] [restartedMain] .e.DevToolsPropertyDefaultsPostProcessor : For additional web related logging consider setting the 'logging.level.web' property to 'DEBUG'
2025-08-28T21:34:40.032+09:00  INFO 39672 --- [assignment] [restartedMain] .s.d.r.c.RepositoryConfigurationDelegate : Bootstrapping Spring Data JPA repositories in DEFAULT mode.
2025-08-28T21:34:40.089+09:00  INFO 39672 --- [assignment] [restartedMain] .s.d.r.c.RepositoryConfigurationDelegate : Finished Spring Data repository scanning in 47 ms. Found 2 JPA repository interfaces.
2025-08-28T21:34:40.991+09:00  INFO 39672 --- [assignment] [restartedMain] o.s.b.w.embedded.tomcat.TomcatWebServer  : Tomcat initialized with port 8080 (http)
2025-08-28T21:34:41.020+09:00  INFO 39672 --- [assignment] [restartedMain] o.apache.catalina.core.StandardService   : Starting service [Tomcat]
2025-08-28T21:34:41.021+09:00  INFO 39672 --- [assignment] [restartedMain] o.apache.catalina.core.StandardEngine    : Starting Servlet engine: [Apache Tomcat/10.1.43]
2025-08-28T21:34:41.102+09:00  INFO 39672 --- [assignment] [restartedMain] o.a.c.c.C.[Tomcat].[localhost].[/]       : Initializing Spring embedded WebApplicationContext
2025-08-28T21:34:41.103+09:00  INFO 39672 --- [assignment] [restartedMain] w.s.c.ServletWebServerApplicationContext : Root WebApplicationContext: initialization completed in 2233 ms
2025-08-28T21:34:41.582+09:00  INFO 39672 --- [assignment] [restartedMain] o.hibernate.jpa.internal.util.LogHelper  : HHH000204: Processing PersistenceUnitInfo [name: default]
2025-08-28T21:34:41.696+09:00  INFO 39672 --- [assignment] [restartedMain] org.hibernate.Version                    : HHH000412: Hibernate ORM core version 6.6.22.Final
2025-08-28T21:34:41.739+09:00  INFO 39672 --- [assignment] [restartedMain] o.h.c.internal.RegionFactoryInitiator    : HHH000026: Second-level cache disabled
2025-08-28T21:34:42.158+09:00  INFO 39672 --- [assignment] [restartedMain] o.s.o.j.p.SpringPersistenceUnitInfo      : No LoadTimeWeaver setup: ignoring JPA class transformer
2025-08-28T21:34:42.200+09:00  INFO 39672 --- [assignment] [restartedMain] com.zaxxer.hikari.HikariDataSource       : HikariPool-1 - Starting...
2025-08-28T21:34:42.280+09:00  INFO 39672 --- [assignment] [restartedMain] com.zaxxer.hikari.pool.HikariPool        : HikariPool-1 - Added connection org.mariadb.jdbc.Connection@6e6cb8c2
2025-08-28T21:34:42.282+09:00  INFO 39672 --- [assignment] [restartedMain] com.zaxxer.hikari.HikariDataSource       : HikariPool-1 - Start completed.
2025-08-28T21:34:42.306+09:00  WARN 39672 --- [assignment] [restartedMain] org.hibernate.orm.deprecation            : HHH90000025: MariaDBDialect does not need to be specified explicitly using 'hibernate.dialect' (remove the property setting and it will be selected by default)
2025-08-28T21:34:42.321+09:00  INFO 39672 --- [assignment] [restartedMain] org.hibernate.orm.connections.pooling    : HHH10001005: Database info:
	Database JDBC URL [Connecting through datasource 'HikariDataSource (HikariPool-1)']
	Database driver: undefined/unknown
	Database version: 10.11.5
	Autocommit mode: undefined/unknown
	Isolation level: undefined/unknown
	Minimum pool size: undefined/unknown
	Maximum pool size: undefined/unknown
2025-08-28T21:34:43.091+09:00  INFO 39672 --- [assignment] [restartedMain] o.h.e.t.j.p.i.JtaPlatformInitiator       : HHH000489: No JTA platform available (set 'hibernate.transaction.jta.platform' to enable JTA platform integration)
2025-08-28T21:34:43.138+09:00  INFO 39672 --- [assignment] [restartedMain] j.LocalContainerEntityManagerFactoryBean : Initialized JPA EntityManagerFactory for persistence unit 'default'
2025-08-28T21:34:43.479+09:00  INFO 39672 --- [assignment] [restartedMain] o.s.d.j.r.query.QueryEnhancerFactory     : Hibernate is in classpath; If applicable, HQL parser will be used.
2025-08-28T21:34:44.420+09:00  WARN 39672 --- [assignment] [restartedMain] JpaBaseConfiguration$JpaWebConfiguration : spring.jpa.open-in-view is enabled by default. Therefore, database queries may be performed during view rendering. Explicitly configure spring.jpa.open-in-view to disable this warning
2025-08-28T21:34:44.884+09:00  WARN 39672 --- [assignment] [restartedMain] ion$DefaultTemplateResolverConfiguration : Cannot find template location: classpath:/templates/ (please add some templates, check your Thymeleaf configuration, or set spring.thymeleaf.check-template-location=false)
2025-08-28T21:34:45.186+09:00  INFO 39672 --- [assignment] [restartedMain] o.s.b.a.h2.H2ConsoleAutoConfiguration    : H2 console available at '/h2-console'. Database available at 'jdbc:mariadb://127.0.0.1/lab_db?user=lab&password=***'
2025-08-28T21:34:45.222+09:00  INFO 39672 --- [assignment] [restartedMain] o.s.b.d.a.OptionalLiveReloadServer       : LiveReload server is running on port 35729
2025-08-28T21:34:45.228+09:00  INFO 39672 --- [assignment] [restartedMain] o.s.b.a.e.web.EndpointLinksResolver      : Exposing 1 endpoint beneath base path '/actuator'
2025-08-28T21:34:45.298+09:00  INFO 39672 --- [assignment] [restartedMain] o.s.b.w.embedded.tomcat.TomcatWebServer  : Tomcat started on port 8080 (http) with context path '/'
2025-08-28T21:34:45.311+09:00  INFO 39672 --- [assignment] [restartedMain] c.r.assignment.AssignmentApplication     : Started AssignmentApplication in 7.106 seconds (process running for 7.597)
2025-08-28T21:34:45.367+09:00  INFO 39672 --- [assignment] [restartedMain] c.r.assignment.runner.MyPropRunner       : 현재 활성호된 CustomerVo Bean = MyEnvironment(mode=운영환경)
2025-08-28T21:34:45.368+09:00  INFO 39672 --- [assignment] [restartedMain] c.r.assignment.runner.MyPropRunner       : username = springboot
2025-08-28T21:34:45.369+09:00  INFO 39672 --- [assignment] [restartedMain] c.r.assignment.runner.MyPropRunner       : port = 18
2025-08-28T21:34:45.369+09:00  INFO 39672 --- [assignment] [restartedMain] c.r.assignment.runner.MyPropRunner       : username = springboot
2025-08-28T21:34:45.369+09:00  INFO 39672 --- [assignment] [restartedMain] c.r.assignment.runner.MyPropRunner       : port = 72
2025-08-28T21:57:16.724+09:00  INFO 39672 --- [assignment] [http-nio-8080-exec-1] o.a.c.c.C.[Tomcat].[localhost].[/]       : Initializing Spring DispatcherServlet 'dispatcherServlet'
2025-08-28T21:57:16.725+09:00  INFO 39672 --- [assignment] [http-nio-8080-exec-1] o.s.web.servlet.DispatcherServlet        : Initializing Servlet 'dispatcherServlet'
2025-08-28T21:57:16.726+09:00  INFO 39672 --- [assignment] [http-nio-8080-exec-1] o.s.web.servlet.DispatcherServlet        : Completed initialization in 1 ms
2025-08-28T22:05:38.648+09:00  INFO 39672 --- [assignment] [SpringApplicationShutdownHook] o.s.b.w.e.tomcat.GracefulShutdown        : Commencing graceful shutdown. Waiting for active requests to complete
2025-08-28T22:05:38.730+09:00  INFO 39672 --- [assignment] [tomcat-shutdown] o.s.b.w.e.tomcat.GracefulShutdown        : Graceful shutdown complete
2025-08-28T22:05:38.734+09:00  INFO 39672 --- [assignment] [SpringApplicationShutdownHook] j.LocalContainerEntityManagerFactoryBean : Closing JPA EntityManagerFactory for persistence unit 'default'
2025-08-28T22:05:38.736+09:00  INFO 39672 --- [assignment] [SpringApplicationShutdownHook] com.zaxxer.hikari.HikariDataSource       : HikariPool-1 - Shutdown initiated...
2025-08-28T22:05:38.739+09:00  INFO 39672 --- [assignment] [SpringApplicationShutdownHook] com.zaxxer.hikari.HikariDataSource       : HikariPool-1 - Shutdown completed.
2025-08-28T22:05:41.019+09:00  INFO 43320 --- [assignment] [restartedMain] c.r.assignment.AssignmentApplication     : Starting AssignmentApplication using Java 17.0.2 with PID 43320 (C:\mybackend\spring_boot\SpringBootAssignment-main\target\classes started by csu19 in C:\mybackend\spring_boot\SpringBootAssignment-main)
2025-08-28T22:05:41.024+09:00  INFO 43320 --- [assignment] [restartedMain] c.r.assignment.AssignmentApplication     : The following 1 profile is active: "prod"
2025-08-28T22:05:41.089+09:00  INFO 43320 --- [assignment] [restartedMain] .e.DevToolsPropertyDefaultsPostProcessor : Devtools property defaults active! Set 'spring.devtools.add-properties' to 'false' to disable
2025-08-28T22:05:41.089+09:00  INFO 43320 --- [assignment] [restartedMain] .e.DevToolsPropertyDefaultsPostProcessor : For additional web related logging consider setting the 'logging.level.web' property to 'DEBUG'
2025-08-28T22:05:42.126+09:00  INFO 43320 --- [assignment] [restartedMain] .s.d.r.c.RepositoryConfigurationDelegate : Bootstrapping Spring Data JPA repositories in DEFAULT mode.
2025-08-28T22:05:42.182+09:00  INFO 43320 --- [assignment] [restartedMain] .s.d.r.c.RepositoryConfigurationDelegate : Finished Spring Data repository scanning in 47 ms. Found 2 JPA repository interfaces.
2025-08-28T22:05:43.087+09:00  INFO 43320 --- [assignment] [restartedMain] o.s.b.w.embedded.tomcat.TomcatWebServer  : Tomcat initialized with port 8080 (http)
2025-08-28T22:05:43.118+09:00  INFO 43320 --- [assignment] [restartedMain] o.apache.catalina.core.StandardService   : Starting service [Tomcat]
2025-08-28T22:05:43.119+09:00  INFO 43320 --- [assignment] [restartedMain] o.apache.catalina.core.StandardEngine    : Starting Servlet engine: [Apache Tomcat/10.1.43]
2025-08-28T22:05:43.185+09:00  INFO 43320 --- [assignment] [restartedMain] o.a.c.c.C.[Tomcat].[localhost].[/]       : Initializing Spring embedded WebApplicationContext
2025-08-28T22:05:43.185+09:00  INFO 43320 --- [assignment] [restartedMain] w.s.c.ServletWebServerApplicationContext : Root WebApplicationContext: initialization completed in 2095 ms
2025-08-28T22:05:43.727+09:00  INFO 43320 --- [assignment] [restartedMain] o.hibernate.jpa.internal.util.LogHelper  : HHH000204: Processing PersistenceUnitInfo [name: default]
2025-08-28T22:05:43.819+09:00  INFO 43320 --- [assignment] [restartedMain] org.hibernate.Version                    : HHH000412: Hibernate ORM core version 6.6.22.Final
2025-08-28T22:05:43.860+09:00  INFO 43320 --- [assignment] [restartedMain] o.h.c.internal.RegionFactoryInitiator    : HHH000026: Second-level cache disabled
2025-08-28T22:05:44.243+09:00  INFO 43320 --- [assignment] [restartedMain] o.s.o.j.p.SpringPersistenceUnitInfo      : No LoadTimeWeaver setup: ignoring JPA class transformer
2025-08-28T22:05:44.272+09:00  INFO 43320 --- [assignment] [restartedMain] com.zaxxer.hikari.HikariDataSource       : HikariPool-1 - Starting...
2025-08-28T22:05:44.352+09:00  INFO 43320 --- [assignment] [restartedMain] com.zaxxer.hikari.pool.HikariPool        : HikariPool-1 - Added connection org.mariadb.jdbc.Connection@5545ece4
2025-08-28T22:05:44.353+09:00  INFO 43320 --- [assignment] [restartedMain] com.zaxxer.hikari.HikariDataSource       : HikariPool-1 - Start completed.
2025-08-28T22:05:44.380+09:00  WARN 43320 --- [assignment] [restartedMain] org.hibernate.orm.deprecation            : HHH90000025: MariaDBDialect does not need to be specified explicitly using 'hibernate.dialect' (remove the property setting and it will be selected by default)
2025-08-28T22:05:44.399+09:00  INFO 43320 --- [assignment] [restartedMain] org.hibernate.orm.connections.pooling    : HHH10001005: Database info:
	Database JDBC URL [Connecting through datasource 'HikariDataSource (HikariPool-1)']
	Database driver: undefined/unknown
	Database version: 10.11.5
	Autocommit mode: undefined/unknown
	Isolation level: undefined/unknown
	Minimum pool size: undefined/unknown
	Maximum pool size: undefined/unknown
2025-08-28T22:05:45.332+09:00  INFO 43320 --- [assignment] [restartedMain] o.h.e.t.j.p.i.JtaPlatformInitiator       : HHH000489: No JTA platform available (set 'hibernate.transaction.jta.platform' to enable JTA platform integration)
2025-08-28T22:05:45.400+09:00  INFO 43320 --- [assignment] [restartedMain] j.LocalContainerEntityManagerFactoryBean : Initialized JPA EntityManagerFactory for persistence unit 'default'
2025-08-28T22:05:45.837+09:00  INFO 43320 --- [assignment] [restartedMain] o.s.d.j.r.query.QueryEnhancerFactory     : Hibernate is in classpath; If applicable, HQL parser will be used.
2025-08-28T22:05:46.663+09:00  WARN 43320 --- [assignment] [restartedMain] JpaBaseConfiguration$JpaWebConfiguration : spring.jpa.open-in-view is enabled by default. Therefore, database queries may be performed during view rendering. Explicitly configure spring.jpa.open-in-view to disable this warning
2025-08-28T22:05:47.110+09:00  WARN 43320 --- [assignment] [restartedMain] ion$DefaultTemplateResolverConfiguration : Cannot find template location: classpath:/templates/ (please add some templates, check your Thymeleaf configuration, or set spring.thymeleaf.check-template-location=false)
2025-08-28T22:05:47.443+09:00  INFO 43320 --- [assignment] [restartedMain] o.s.b.a.h2.H2ConsoleAutoConfiguration    : H2 console available at '/h2-console'. Database available at 'jdbc:mariadb://127.0.0.1/lab_db?user=lab&password=***'
2025-08-28T22:05:47.483+09:00  INFO 43320 --- [assignment] [restartedMain] o.s.b.d.a.OptionalLiveReloadServer       : LiveReload server is running on port 35729
2025-08-28T22:05:47.494+09:00  INFO 43320 --- [assignment] [restartedMain] o.s.b.a.e.web.EndpointLinksResolver      : Exposing 1 endpoint beneath base path '/actuator'
2025-08-28T22:05:47.582+09:00  INFO 43320 --- [assignment] [restartedMain] o.s.b.w.embedded.tomcat.TomcatWebServer  : Tomcat started on port 8080 (http) with context path '/'
2025-08-28T22:05:47.612+09:00  INFO 43320 --- [assignment] [restartedMain] c.r.assignment.AssignmentApplication     : Started AssignmentApplication in 7.071 seconds (process running for 7.484)
2025-08-28T22:05:47.657+09:00  INFO 43320 --- [assignment] [restartedMain] c.r.assignment.runner.MyPropRunner       : 현재 활성호된 CustomerVo Bean = MyEnvironment(mode=운영환경)
2025-08-28T22:05:47.659+09:00  INFO 43320 --- [assignment] [restartedMain] c.r.assignment.runner.MyPropRunner       : username = springboot
2025-08-28T22:05:47.659+09:00  INFO 43320 --- [assignment] [restartedMain] c.r.assignment.runner.MyPropRunner       : port = 93
2025-08-28T22:05:47.660+09:00  INFO 43320 --- [assignment] [restartedMain] c.r.assignment.runner.MyPropRunner       : username = springboot
2025-08-28T22:05:47.660+09:00  INFO 43320 --- [assignment] [restartedMain] c.r.assignment.runner.MyPropRunner       : port = 99
2025-08-28T22:06:05.302+09:00  INFO 43320 --- [assignment] [http-nio-8080-exec-1] o.a.c.c.C.[Tomcat].[localhost].[/]       : Initializing Spring DispatcherServlet 'dispatcherServlet'
2025-08-28T22:06:05.302+09:00  INFO 43320 --- [assignment] [http-nio-8080-exec-1] o.s.web.servlet.DispatcherServlet        : Initializing Servlet 'dispatcherServlet'
2025-08-28T22:06:05.304+09:00  INFO 43320 --- [assignment] [http-nio-8080-exec-1] o.s.web.servlet.DispatcherServlet        : Completed initialization in 2 ms
2025-08-28T22:10:40.267+09:00  WARN 43320 --- [assignment] [http-nio-8080-exec-6] .w.s.m.s.DefaultHandlerExceptionResolver : Resolved [org.springframework.web.bind.MethodArgumentNotValidException: Validation failed for argument [0] in public org.springframework.http.ResponseEntity<com.rookies4.assignment.controller.dto.BookDTO$Response> com.rookies4.assignment.controller.BookController.createBook(com.rookies4.assignment.controller.dto.BookDTO$Request): [Field error in object 'request' on field 'publishDate': rejected value [2025-08-28]; codes [Past.request.publishDate,Past.publishDate,Past.java.time.LocalDate,Past]; arguments [org.springframework.context.support.DefaultMessageSourceResolvable: codes [request.publishDate,publishDate]; arguments []; default message [publishDate]]; default message [Publish date must be in the past]] ]
2025-08-28T22:26:55.336+09:00  INFO 43320 --- [assignment] [SpringApplicationShutdownHook] o.s.b.w.e.tomcat.GracefulShutdown        : Commencing graceful shutdown. Waiting for active requests to complete
2025-08-28T22:26:55.420+09:00  INFO 43320 --- [assignment] [tomcat-shutdown] o.s.b.w.e.tomcat.GracefulShutdown        : Graceful shutdown complete
2025-08-28T22:26:55.424+09:00  INFO 43320 --- [assignment] [SpringApplicationShutdownHook] j.LocalContainerEntityManagerFactoryBean : Closing JPA EntityManagerFactory for persistence unit 'default'
2025-08-28T22:26:55.431+09:00  INFO 43320 --- [assignment] [SpringApplicationShutdownHook] com.zaxxer.hikari.HikariDataSource       : HikariPool-1 - Shutdown initiated...
2025-08-28T22:26:55.434+09:00  INFO 43320 --- [assignment] [SpringApplicationShutdownHook] com.zaxxer.hikari.HikariDataSource       : HikariPool-1 - Shutdown completed.
2025-08-28T22:32:01.933+09:00  INFO 23016 --- [assignment] [restartedMain] c.r.assignment.AssignmentApplication     : Starting AssignmentApplication using Java 17.0.2 with PID 23016 (C:\mybackend\spring_boot\SpringBootAssignment-main\target\classes started by csu19 in C:\mybackend\spring_boot\SpringBootAssignment-main)
2025-08-28T22:32:01.937+09:00  INFO 23016 --- [assignment] [restartedMain] c.r.assignment.AssignmentApplication     : The following 1 profile is active: "prod"
2025-08-28T22:32:02.001+09:00  INFO 23016 --- [assignment] [restartedMain] .e.DevToolsPropertyDefaultsPostProcessor : Devtools property defaults active! Set 'spring.devtools.add-properties' to 'false' to disable
2025-08-28T22:32:02.001+09:00  INFO 23016 --- [assignment] [restartedMain] .e.DevToolsPropertyDefaultsPostProcessor : For additional web related logging consider setting the 'logging.level.web' property to 'DEBUG'
2025-08-28T22:32:03.197+09:00  INFO 23016 --- [assignment] [restartedMain] .s.d.r.c.RepositoryConfigurationDelegate : Bootstrapping Spring Data JPA repositories in DEFAULT mode.
2025-08-28T22:32:03.251+09:00  INFO 23016 --- [assignment] [restartedMain] .s.d.r.c.RepositoryConfigurationDelegate : Finished Spring Data repository scanning in 44 ms. Found 2 JPA repository interfaces.
2025-08-28T22:32:04.051+09:00  INFO 23016 --- [assignment] [restartedMain] o.s.b.w.embedded.tomcat.TomcatWebServer  : Tomcat initialized with port 8080 (http)
2025-08-28T22:32:04.079+09:00  INFO 23016 --- [assignment] [restartedMain] o.apache.catalina.core.StandardService   : Starting service [Tomcat]
2025-08-28T22:32:04.080+09:00  INFO 23016 --- [assignment] [restartedMain] o.apache.catalina.core.StandardEngine    : Starting Servlet engine: [Apache Tomcat/10.1.43]
2025-08-28T22:32:04.147+09:00  INFO 23016 --- [assignment] [restartedMain] o.a.c.c.C.[Tomcat].[localhost].[/]       : Initializing Spring embedded WebApplicationContext
2025-08-28T22:32:04.148+09:00  INFO 23016 --- [assignment] [restartedMain] w.s.c.ServletWebServerApplicationContext : Root WebApplicationContext: initialization completed in 2146 ms
2025-08-28T22:32:04.565+09:00  INFO 23016 --- [assignment] [restartedMain] o.hibernate.jpa.internal.util.LogHelper  : HHH000204: Processing PersistenceUnitInfo [name: default]
2025-08-28T22:32:04.639+09:00  INFO 23016 --- [assignment] [restartedMain] org.hibernate.Version                    : HHH000412: Hibernate ORM core version 6.6.22.Final
2025-08-28T22:32:04.679+09:00  INFO 23016 --- [assignment] [restartedMain] o.h.c.internal.RegionFactoryInitiator    : HHH000026: Second-level cache disabled
2025-08-28T22:32:05.037+09:00  INFO 23016 --- [assignment] [restartedMain] o.s.o.j.p.SpringPersistenceUnitInfo      : No LoadTimeWeaver setup: ignoring JPA class transformer
2025-08-28T22:32:05.075+09:00  INFO 23016 --- [assignment] [restartedMain] com.zaxxer.hikari.HikariDataSource       : HikariPool-1 - Starting...
2025-08-28T22:32:05.148+09:00  INFO 23016 --- [assignment] [restartedMain] com.zaxxer.hikari.pool.HikariPool        : HikariPool-1 - Added connection org.mariadb.jdbc.Connection@22bfac5e
2025-08-28T22:32:05.149+09:00  INFO 23016 --- [assignment] [restartedMain] com.zaxxer.hikari.HikariDataSource       : HikariPool-1 - Start completed.
2025-08-28T22:32:05.173+09:00  WARN 23016 --- [assignment] [restartedMain] org.hibernate.orm.deprecation            : HHH90000025: MariaDBDialect does not need to be specified explicitly using 'hibernate.dialect' (remove the property setting and it will be selected by default)
2025-08-28T22:32:05.191+09:00  INFO 23016 --- [assignment] [restartedMain] org.hibernate.orm.connections.pooling    : HHH10001005: Database info:
	Database JDBC URL [Connecting through datasource 'HikariDataSource (HikariPool-1)']
	Database driver: undefined/unknown
	Database version: 10.11.5
	Autocommit mode: undefined/unknown
	Isolation level: undefined/unknown
	Minimum pool size: undefined/unknown
	Maximum pool size: undefined/unknown
2025-08-28T22:32:05.860+09:00  INFO 23016 --- [assignment] [restartedMain] o.h.e.t.j.p.i.JtaPlatformInitiator       : HHH000489: No JTA platform available (set 'hibernate.transaction.jta.platform' to enable JTA platform integration)
2025-08-28T22:32:05.908+09:00  INFO 23016 --- [assignment] [restartedMain] j.LocalContainerEntityManagerFactoryBean : Initialized JPA EntityManagerFactory for persistence unit 'default'
2025-08-28T22:32:06.226+09:00  INFO 23016 --- [assignment] [restartedMain] o.s.d.j.r.query.QueryEnhancerFactory     : Hibernate is in classpath; If applicable, HQL parser will be used.
2025-08-28T22:32:06.998+09:00  WARN 23016 --- [assignment] [restartedMain] JpaBaseConfiguration$JpaWebConfiguration : spring.jpa.open-in-view is enabled by default. Therefore, database queries may be performed during view rendering. Explicitly configure spring.jpa.open-in-view to disable this warning
2025-08-28T22:32:07.665+09:00  WARN 23016 --- [assignment] [restartedMain] ion$DefaultTemplateResolverConfiguration : Cannot find template location: classpath:/templates/ (please add some templates, check your Thymeleaf configuration, or set spring.thymeleaf.check-template-location=false)
2025-08-28T22:32:08.086+09:00  INFO 23016 --- [assignment] [restartedMain] o.s.b.a.h2.H2ConsoleAutoConfiguration    : H2 console available at '/h2-console'. Database available at 'jdbc:mariadb://127.0.0.1/lab_db?user=lab&password=***'
2025-08-28T22:32:08.158+09:00  INFO 23016 --- [assignment] [restartedMain] o.s.b.d.a.OptionalLiveReloadServer       : LiveReload server is running on port 35729
2025-08-28T22:32:08.172+09:00  INFO 23016 --- [assignment] [restartedMain] o.s.b.a.e.web.EndpointLinksResolver      : Exposing 1 endpoint beneath base path '/actuator'
2025-08-28T22:32:08.297+09:00  INFO 23016 --- [assignment] [restartedMain] o.s.b.w.embedded.tomcat.TomcatWebServer  : Tomcat started on port 8080 (http) with context path '/'
2025-08-28T22:32:08.319+09:00  INFO 23016 --- [assignment] [restartedMain] c.r.assignment.AssignmentApplication     : Started AssignmentApplication in 6.894 seconds (process running for 7.324)
2025-08-28T22:32:08.417+09:00  INFO 23016 --- [assignment] [restartedMain] c.r.assignment.runner.MyPropRunner       : 현재 활성호된 CustomerVo Bean = MyEnvironment(mode=운영환경)
2025-08-28T22:32:08.419+09:00  INFO 23016 --- [assignment] [restartedMain] c.r.assignment.runner.MyPropRunner       : username = springboot
2025-08-28T22:32:08.419+09:00  INFO 23016 --- [assignment] [restartedMain] c.r.assignment.runner.MyPropRunner       : port = 1
2025-08-28T22:32:08.420+09:00  INFO 23016 --- [assignment] [restartedMain] c.r.assignment.runner.MyPropRunner       : username = springboot
2025-08-28T22:32:08.420+09:00  INFO 23016 --- [assignment] [restartedMain] c.r.assignment.runner.MyPropRunner       : port = 60
2025-08-28T22:32:19.318+09:00  INFO 23016 --- [assignment] [http-nio-8080-exec-1] o.a.c.c.C.[Tomcat].[localhost].[/]       : Initializing Spring DispatcherServlet 'dispatcherServlet'
2025-08-28T22:32:19.319+09:00  INFO 23016 --- [assignment] [http-nio-8080-exec-1] o.s.web.servlet.DispatcherServlet        : Initializing Servlet 'dispatcherServlet'
2025-08-28T22:32:19.320+09:00  INFO 23016 --- [assignment] [http-nio-8080-exec-1] o.s.web.servlet.DispatcherServlet        : Completed initialization in 1 ms
2025-08-28T22:32:47.074+09:00  WARN 23016 --- [assignment] [http-nio-8080-exec-3] .m.m.a.ExceptionHandlerExceptionResolver : Resolved [com.rookies4.assignment.exception.BusinessException: Book already exists with ISBN: 9780132350884]
2025-08-28T22:54:43.564+09:00  WARN 23016 --- [assignment] [http-nio-8080-exec-10] o.m.jdbc.message.server.ErrorPacket      : Error: 1146-42S02: Table 'lab_db.books' doesn't exist
2025-08-28T22:54:43.566+09:00  WARN 23016 --- [assignment] [http-nio-8080-exec-10] o.h.engine.jdbc.spi.SqlExceptionHelper   : SQL Error: 1146, SQLState: 42S02
2025-08-28T22:54:43.566+09:00 ERROR 23016 --- [assignment] [http-nio-8080-exec-10] o.h.engine.jdbc.spi.SqlExceptionHelper   : (conn=672) Table 'lab_db.books' doesn't exist
2025-08-28T22:54:43.574+09:00 ERROR 23016 --- [assignment] [http-nio-8080-exec-10] c.r.a.e.advice.DefaultExceptionAdvice    : JDBC exception executing SQL [select b1_0.book_detail_id from books b1_0 where b1_0.isbn=? limit ?] [(conn=672) Table 'lab_db.books' doesn't exist] [n/a]; SQL [n/a]

org.springframework.dao.InvalidDataAccessResourceUsageException: JDBC exception executing SQL [select b1_0.book_detail_id from books b1_0 where b1_0.isbn=? limit ?] [(conn=672) Table 'lab_db.books' doesn't exist] [n/a]; SQL [n/a]
	at org.springframework.orm.jpa.vendor.HibernateJpaDialect.convertHibernateAccessException(HibernateJpaDialect.java:281) ~[spring-orm-6.2.9.jar:6.2.9]
	at org.springframework.orm.jpa.vendor.HibernateJpaDialect.convertHibernateAccessException(HibernateJpaDialect.java:256) ~[spring-orm-6.2.9.jar:6.2.9]
	at org.springframework.orm.jpa.vendor.HibernateJpaDialect.translateExceptionIfPossible(HibernateJpaDialect.java:241) ~[spring-orm-6.2.9.jar:6.2.9]
	at org.springframework.orm.jpa.AbstractEntityManagerFactoryBean.translateExceptionIfPossible(AbstractEntityManagerFactoryBean.java:560) ~[spring-orm-6.2.9.jar:6.2.9]
	at org.springframework.dao.support.ChainedPersistenceExceptionTranslator.translateExceptionIfPossible(ChainedPersistenceExceptionTranslator.java:61) ~[spring-tx-6.2.9.jar:6.2.9]
	at org.springframework.dao.support.DataAccessUtils.translateIfNecessary(DataAccessUtils.java:343) ~[spring-tx-6.2.9.jar:6.2.9]
	at org.springframework.dao.support.PersistenceExceptionTranslationInterceptor.invoke(PersistenceExceptionTranslationInterceptor.java:160) ~[spring-tx-6.2.9.jar:6.2.9]
	at org.springframework.aop.framework.ReflectiveMethodInvocation.proceed(ReflectiveMethodInvocation.java:184) ~[spring-aop-6.2.9.jar:6.2.9]
	at org.springframework.data.jpa.repository.support.CrudMethodMetadataPostProcessor$CrudMethodMetadataPopulatingMethodInterceptor.invoke(CrudMethodMetadataPostProcessor.java:136) ~[spring-data-jpa-3.4.8.jar:3.4.8]
	at org.springframework.aop.framework.ReflectiveMethodInvocation.proceed(ReflectiveMethodInvocation.java:184) ~[spring-aop-6.2.9.jar:6.2.9]
	at org.springframework.aop.framework.JdkDynamicAopProxy.invoke(JdkDynamicAopProxy.java:223) ~[spring-aop-6.2.9.jar:6.2.9]
	at jdk.proxy4/jdk.proxy4.$Proxy148.existsByIsbn(Unknown Source) ~[na:na]
	at com.rookies4.assignment.service.BookService.createBook(BookService.java:57) ~[classes/:na]
	at java.base/jdk.internal.reflect.NativeMethodAccessorImpl.invoke0(Native Method) ~[na:na]
	at java.base/jdk.internal.reflect.NativeMethodAccessorImpl.invoke(NativeMethodAccessorImpl.java:77) ~[na:na]
	at java.base/jdk.internal.reflect.DelegatingMethodAccessorImpl.invoke(DelegatingMethodAccessorImpl.java:43) ~[na:na]
	at java.base/java.lang.reflect.Method.invoke(Method.java:568) ~[na:na]
	at org.springframework.aop.support.AopUtils.invokeJoinpointUsingReflection(AopUtils.java:360) ~[spring-aop-6.2.9.jar:6.2.9]
	at org.springframework.aop.framework.ReflectiveMethodInvocation.invokeJoinpoint(ReflectiveMethodInvocation.java:196) ~[spring-aop-6.2.9.jar:6.2.9]
	at org.springframework.aop.framework.ReflectiveMethodInvocation.proceed(ReflectiveMethodInvocation.java:163) ~[spring-aop-6.2.9.jar:6.2.9]
	at org.springframework.transaction.interceptor.TransactionAspectSupport.invokeWithinTransaction(TransactionAspectSupport.java:380) ~[spring-tx-6.2.9.jar:6.2.9]
	at org.springframework.transaction.interceptor.TransactionInterceptor.invoke(TransactionInterceptor.java:119) ~[spring-tx-6.2.9.jar:6.2.9]
	at org.springframework.aop.framework.ReflectiveMethodInvocation.proceed(ReflectiveMethodInvocation.java:184) ~[spring-aop-6.2.9.jar:6.2.9]
	at org.springframework.aop.framework.CglibAopProxy$DynamicAdvisedInterceptor.intercept(CglibAopProxy.java:728) ~[spring-aop-6.2.9.jar:6.2.9]
	at com.rookies4.assignment.service.BookService$$SpringCGLIB$$0.createBook(<generated>) ~[classes/:na]
	at com.rookies4.assignment.controller.BookController.createBook(BookController.java:57) ~[classes/:na]
	at java.base/jdk.internal.reflect.NativeMethodAccessorImpl.invoke0(Native Method) ~[na:na]
	at java.base/jdk.internal.reflect.NativeMethodAccessorImpl.invoke(NativeMethodAccessorImpl.java:77) ~[na:na]
	at java.base/jdk.internal.reflect.DelegatingMethodAccessorImpl.invoke(DelegatingMethodAccessorImpl.java:43) ~[na:na]
	at java.base/java.lang.reflect.Method.invoke(Method.java:568) ~[na:na]
	at org.springframework.web.method.support.InvocableHandlerMethod.doInvoke(InvocableHandlerMethod.java:258) ~[spring-web-6.2.9.jar:6.2.9]
	at org.springframework.web.method.support.InvocableHandlerMethod.invokeForRequest(InvocableHandlerMethod.java:191) ~[spring-web-6.2.9.jar:6.2.9]
	at org.springframework.web.servlet.mvc.method.annotation.ServletInvocableHandlerMethod.invokeAndHandle(ServletInvocableHandlerMethod.java:118) ~[spring-webmvc-6.2.9.jar:6.2.9]
	at org.springframework.web.servlet.mvc.method.annotation.RequestMappingHandlerAdapter.invokeHandlerMethod(RequestMappingHandlerAdapter.java:991) ~[spring-webmvc-6.2.9.jar:6.2.9]
	at org.springframework.web.servlet.mvc.method.annotation.RequestMappingHandlerAdapter.handleInternal(RequestMappingHandlerAdapter.java:896) ~[spring-webmvc-6.2.9.jar:6.2.9]
	at org.springframework.web.servlet.mvc.method.AbstractHandlerMethodAdapter.handle(AbstractHandlerMethodAdapter.java:87) ~[spring-webmvc-6.2.9.jar:6.2.9]
	at org.springframework.web.servlet.DispatcherServlet.doDispatch(DispatcherServlet.java:1089) ~[spring-webmvc-6.2.9.jar:6.2.9]
	at org.springframework.web.servlet.DispatcherServlet.doService(DispatcherServlet.java:979) ~[spring-webmvc-6.2.9.jar:6.2.9]
	at org.springframework.web.servlet.FrameworkServlet.processRequest(FrameworkServlet.java:1014) ~[spring-webmvc-6.2.9.jar:6.2.9]
	at org.springframework.web.servlet.FrameworkServlet.doPost(FrameworkServlet.java:914) ~[spring-webmvc-6.2.9.jar:6.2.9]
	at jakarta.servlet.http.HttpServlet.service(HttpServlet.java:590) ~[tomcat-embed-core-10.1.43.jar:6.0]
	at org.springframework.web.servlet.FrameworkServlet.service(FrameworkServlet.java:885) ~[spring-webmvc-6.2.9.jar:6.2.9]
	at jakarta.servlet.http.HttpServlet.service(HttpServlet.java:658) ~[tomcat-embed-core-10.1.43.jar:6.0]
	at org.apache.catalina.core.ApplicationFilterChain.internalDoFilter(ApplicationFilterChain.java:195) ~[tomcat-embed-core-10.1.43.jar:10.1.43]
	at org.apache.catalina.core.ApplicationFilterChain.doFilter(ApplicationFilterChain.java:140) ~[tomcat-embed-core-10.1.43.jar:10.1.43]
	at org.apache.tomcat.websocket.server.WsFilter.doFilter(WsFilter.java:51) ~[tomcat-embed-websocket-10.1.43.jar:10.1.43]
	at org.apache.catalina.core.ApplicationFilterChain.internalDoFilter(ApplicationFilterChain.java:164) ~[tomcat-embed-core-10.1.43.jar:10.1.43]
	at org.apache.catalina.core.ApplicationFilterChain.doFilter(ApplicationFilterChain.java:140) ~[tomcat-embed-core-10.1.43.jar:10.1.43]
	at org.springframework.web.filter.CorsFilter.doFilterInternal(CorsFilter.java:91) ~[spring-web-6.2.9.jar:6.2.9]
	at org.springframework.web.filter.OncePerRequestFilter.doFilter(OncePerRequestFilter.java:116) ~[spring-web-6.2.9.jar:6.2.9]
	at org.apache.catalina.core.ApplicationFilterChain.internalDoFilter(ApplicationFilterChain.java:164) ~[tomcat-embed-core-10.1.43.jar:10.1.43]
	at org.apache.catalina.core.ApplicationFilterChain.doFilter(ApplicationFilterChain.java:140) ~[tomcat-embed-core-10.1.43.jar:10.1.43]
	at org.springframework.web.filter.RequestContextFilter.doFilterInternal(RequestContextFilter.java:100) ~[spring-web-6.2.9.jar:6.2.9]
	at org.springframework.web.filter.OncePerRequestFilter.doFilter(OncePerRequestFilter.java:116) ~[spring-web-6.2.9.jar:6.2.9]
	at org.apache.catalina.core.ApplicationFilterChain.internalDoFilter(ApplicationFilterChain.java:164) ~[tomcat-embed-core-10.1.43.jar:10.1.43]
	at org.apache.catalina.core.ApplicationFilterChain.doFilter(ApplicationFilterChain.java:140) ~[tomcat-embed-core-10.1.43.jar:10.1.43]
	at org.springframework.web.filter.FormContentFilter.doFilterInternal(FormContentFilter.java:93) ~[spring-web-6.2.9.jar:6.2.9]
	at org.springframework.web.filter.OncePerRequestFilter.doFilter(OncePerRequestFilter.java:116) ~[spring-web-6.2.9.jar:6.2.9]
	at org.apache.catalina.core.ApplicationFilterChain.internalDoFilter(ApplicationFilterChain.java:164) ~[tomcat-embed-core-10.1.43.jar:10.1.43]
	at org.apache.catalina.core.ApplicationFilterChain.doFilter(ApplicationFilterChain.java:140) ~[tomcat-embed-core-10.1.43.jar:10.1.43]
	at org.springframework.web.filter.ServerHttpObservationFilter.doFilterInternal(ServerHttpObservationFilter.java:110) ~[spring-web-6.2.9.jar:6.2.9]
	at org.springframework.web.filter.OncePerRequestFilter.doFilter(OncePerRequestFilter.java:116) ~[spring-web-6.2.9.jar:6.2.9]
	at org.apache.catalina.core.ApplicationFilterChain.internalDoFilter(ApplicationFilterChain.java:164) ~[tomcat-embed-core-10.1.43.jar:10.1.43]
	at org.apache.catalina.core.ApplicationFilterChain.doFilter(ApplicationFilterChain.java:140) ~[tomcat-embed-core-10.1.43.jar:10.1.43]
	at org.springframework.web.filter.CharacterEncodingFilter.doFilterInternal(CharacterEncodingFilter.java:201) ~[spring-web-6.2.9.jar:6.2.9]
	at org.springframework.web.filter.OncePerRequestFilter.doFilter(OncePerRequestFilter.java:116) ~[spring-web-6.2.9.jar:6.2.9]
	at org.apache.catalina.core.ApplicationFilterChain.internalDoFilter(ApplicationFilterChain.java:164) ~[tomcat-embed-core-10.1.43.jar:10.1.43]
	at org.apache.catalina.core.ApplicationFilterChain.doFilter(ApplicationFilterChain.java:140) ~[tomcat-embed-core-10.1.43.jar:10.1.43]
	at org.apache.catalina.core.StandardWrapperValve.invoke(StandardWrapperValve.java:167) ~[tomcat-embed-core-10.1.43.jar:10.1.43]
	at org.apache.catalina.core.StandardContextValve.invoke(StandardContextValve.java:90) ~[tomcat-embed-core-10.1.43.jar:10.1.43]
	at org.apache.catalina.authenticator.AuthenticatorBase.invoke(AuthenticatorBase.java:483) ~[tomcat-embed-core-10.1.43.jar:10.1.43]
	at org.apache.catalina.core.StandardHostValve.invoke(StandardHostValve.java:116) ~[tomcat-embed-core-10.1.43.jar:10.1.43]
	at org.apache.catalina.valves.ErrorReportValve.invoke(ErrorReportValve.java:93) ~[tomcat-embed-core-10.1.43.jar:10.1.43]
	at org.apache.catalina.core.StandardEngineValve.invoke(StandardEngineValve.java:74) ~[tomcat-embed-core-10.1.43.jar:10.1.43]
	at org.apache.catalina.connector.CoyoteAdapter.service(CoyoteAdapter.java:344) ~[tomcat-embed-core-10.1.43.jar:10.1.43]
	at org.apache.coyote.http11.Http11Processor.service(Http11Processor.java:398) ~[tomcat-embed-core-10.1.43.jar:10.1.43]
	at org.apache.coyote.AbstractProcessorLight.process(AbstractProcessorLight.java:63) ~[tomcat-embed-core-10.1.43.jar:10.1.43]
	at org.apache.coyote.AbstractProtocol$ConnectionHandler.process(AbstractProtocol.java:903) ~[tomcat-embed-core-10.1.43.jar:10.1.43]
	at org.apache.tomcat.util.net.NioEndpoint$SocketProcessor.doRun(NioEndpoint.java:1769) ~[tomcat-embed-core-10.1.43.jar:10.1.43]
	at org.apache.tomcat.util.net.SocketProcessorBase.run(SocketProcessorBase.java:52) ~[tomcat-embed-core-10.1.43.jar:10.1.43]
	at org.apache.tomcat.util.threads.ThreadPoolExecutor.runWorker(ThreadPoolExecutor.java:1189) ~[tomcat-embed-core-10.1.43.jar:10.1.43]
	at org.apache.tomcat.util.threads.ThreadPoolExecutor$Worker.run(ThreadPoolExecutor.java:658) ~[tomcat-embed-core-10.1.43.jar:10.1.43]
	at org.apache.tomcat.util.threads.TaskThread$WrappingRunnable.run(TaskThread.java:63) ~[tomcat-embed-core-10.1.43.jar:10.1.43]
	at java.base/java.lang.Thread.run(Thread.java:833) ~[na:na]
Caused by: org.hibernate.exception.SQLGrammarException: JDBC exception executing SQL [select b1_0.book_detail_id from books b1_0 where b1_0.isbn=? limit ?] [(conn=672) Table 'lab_db.books' doesn't exist] [n/a]
	at org.hibernate.exception.internal.SQLExceptionTypeDelegate.convert(SQLExceptionTypeDelegate.java:66) ~[hibernate-core-6.6.22.Final.jar:6.6.22.Final]
	at org.hibernate.exception.internal.StandardSQLExceptionConverter.convert(StandardSQLExceptionConverter.java:58) ~[hibernate-core-6.6.22.Final.jar:6.6.22.Final]
	at org.hibernate.engine.jdbc.spi.SqlExceptionHelper.convert(SqlExceptionHelper.java:108) ~[hibernate-core-6.6.22.Final.jar:6.6.22.Final]
	at org.hibernate.engine.jdbc.spi.SqlExceptionHelper.convert(SqlExceptionHelper.java:94) ~[hibernate-core-6.6.22.Final.jar:6.6.22.Final]
	at org.hibernate.sql.results.jdbc.internal.DeferredResultSetAccess.executeQuery(DeferredResultSetAccess.java:269) ~[hibernate-core-6.6.22.Final.jar:6.6.22.Final]
	at org.hibernate.sql.results.jdbc.internal.DeferredResultSetAccess.getResultSet(DeferredResultSetAccess.java:172) ~[hibernate-core-6.6.22.Final.jar:6.6.22.Final]
	at org.hibernate.sql.results.jdbc.internal.JdbcValuesResultSetImpl.<init>(JdbcValuesResultSetImpl.java:74) ~[hibernate-core-6.6.22.Final.jar:6.6.22.Final]
	at org.hibernate.sql.exec.internal.JdbcSelectExecutorStandardImpl.resolveJdbcValuesSource(JdbcSelectExecutorStandardImpl.java:355) ~[hibernate-core-6.6.22.Final.jar:6.6.22.Final]
	at org.hibernate.sql.exec.internal.JdbcSelectExecutorStandardImpl.doExecuteQuery(JdbcSelectExecutorStandardImpl.java:137) ~[hibernate-core-6.6.22.Final.jar:6.6.22.Final]
	at org.hibernate.sql.exec.internal.JdbcSelectExecutorStandardImpl.executeQuery(JdbcSelectExecutorStandardImpl.java:102) ~[hibernate-core-6.6.22.Final.jar:6.6.22.Final]
	at org.hibernate.sql.exec.spi.JdbcSelectExecutor.executeQuery(JdbcSelectExecutor.java:91) ~[hibernate-core-6.6.22.Final.jar:6.6.22.Final]
	at org.hibernate.sql.exec.spi.JdbcSelectExecutor.list(JdbcSelectExecutor.java:165) ~[hibernate-core-6.6.22.Final.jar:6.6.22.Final]
	at org.hibernate.query.sqm.internal.ConcreteSqmSelectQueryPlan.lambda$new$1(ConcreteSqmSelectQueryPlan.java:149) ~[hibernate-core-6.6.22.Final.jar:6.6.22.Final]
	at org.hibernate.query.sqm.internal.ConcreteSqmSelectQueryPlan.withCacheableSqmInterpretation(ConcreteSqmSelectQueryPlan.java:439) ~[hibernate-core-6.6.22.Final.jar:6.6.22.Final]
	at org.hibernate.query.sqm.internal.ConcreteSqmSelectQueryPlan.performList(ConcreteSqmSelectQueryPlan.java:359) ~[hibernate-core-6.6.22.Final.jar:6.6.22.Final]
	at org.hibernate.query.sqm.internal.QuerySqmImpl.doList(QuerySqmImpl.java:380) ~[hibernate-core-6.6.22.Final.jar:6.6.22.Final]
	at org.hibernate.query.spi.AbstractSelectionQuery.list(AbstractSelectionQuery.java:143) ~[hibernate-core-6.6.22.Final.jar:6.6.22.Final]
	at org.hibernate.query.Query.getResultList(Query.java:120) ~[hibernate-core-6.6.22.Final.jar:6.6.22.Final]
	at org.springframework.data.jpa.repository.query.JpaQueryExecution$ExistsExecution.doExecute(JpaQueryExecution.java:316) ~[spring-data-jpa-3.4.8.jar:3.4.8]
	at org.springframework.data.jpa.repository.query.JpaQueryExecution.execute(JpaQueryExecution.java:93) ~[spring-data-jpa-3.4.8.jar:3.4.8]
	at org.springframework.data.jpa.repository.query.AbstractJpaQuery.doExecute(AbstractJpaQuery.java:152) ~[spring-data-jpa-3.4.8.jar:3.4.8]
	at org.springframework.data.jpa.repository.query.AbstractJpaQuery.execute(AbstractJpaQuery.java:140) ~[spring-data-jpa-3.4.8.jar:3.4.8]
	at org.springframework.data.repository.core.support.RepositoryMethodInvoker.doInvoke(RepositoryMethodInvoker.java:170) ~[spring-data-commons-3.4.8.jar:3.4.8]
	at org.springframework.data.repository.core.support.RepositoryMethodInvoker.invoke(RepositoryMethodInvoker.java:158) ~[spring-data-commons-3.4.8.jar:3.4.8]
	at org.springframework.data.repository.core.support.QueryExecutorMethodInterceptor.doInvoke(QueryExecutorMethodInterceptor.java:170) ~[spring-data-commons-3.4.8.jar:3.4.8]
	at org.springframework.data.repository.core.support.QueryExecutorMethodInterceptor.invoke(QueryExecutorMethodInterceptor.java:149) ~[spring-data-commons-3.4.8.jar:3.4.8]
	at org.springframework.aop.framework.ReflectiveMethodInvocation.proceed(ReflectiveMethodInvocation.java:184) ~[spring-aop-6.2.9.jar:6.2.9]
	at org.springframework.data.projection.DefaultMethodInvokingMethodInterceptor.invoke(DefaultMethodInvokingMethodInterceptor.java:69) ~[spring-data-commons-3.4.8.jar:3.4.8]
	at org.springframework.aop.framework.ReflectiveMethodInvocation.proceed(ReflectiveMethodInvocation.java:184) ~[spring-aop-6.2.9.jar:6.2.9]
	at org.springframework.transaction.interceptor.TransactionAspectSupport.invokeWithinTransaction(TransactionAspectSupport.java:380) ~[spring-tx-6.2.9.jar:6.2.9]
	at org.springframework.transaction.interceptor.TransactionInterceptor.invoke(TransactionInterceptor.java:119) ~[spring-tx-6.2.9.jar:6.2.9]
	at org.springframework.aop.framework.ReflectiveMethodInvocation.proceed(ReflectiveMethodInvocation.java:184) ~[spring-aop-6.2.9.jar:6.2.9]
	at org.springframework.dao.support.PersistenceExceptionTranslationInterceptor.invoke(PersistenceExceptionTranslationInterceptor.java:138) ~[spring-tx-6.2.9.jar:6.2.9]
	... 77 common frames omitted
Caused by: java.sql.SQLSyntaxErrorException: (conn=672) Table 'lab_db.books' doesn't exist
	at org.mariadb.jdbc.export.ExceptionFactory.createException(ExceptionFactory.java:289) ~[mariadb-java-client-3.4.2.jar:na]
	at org.mariadb.jdbc.export.ExceptionFactory.create(ExceptionFactory.java:378) ~[mariadb-java-client-3.4.2.jar:na]
	at org.mariadb.jdbc.message.ClientMessage.readPacket(ClientMessage.java:189) ~[mariadb-java-client-3.4.2.jar:na]
	at org.mariadb.jdbc.client.impl.StandardClient.readPacket(StandardClient.java:1235) ~[mariadb-java-client-3.4.2.jar:na]
	at org.mariadb.jdbc.client.impl.StandardClient.readResults(StandardClient.java:1174) ~[mariadb-java-client-3.4.2.jar:na]
	at org.mariadb.jdbc.client.impl.StandardClient.readResponse(StandardClient.java:1093) ~[mariadb-java-client-3.4.2.jar:na]
	at org.mariadb.jdbc.client.impl.StandardClient.execute(StandardClient.java:1017) ~[mariadb-java-client-3.4.2.jar:na]
	at org.mariadb.jdbc.ClientPreparedStatement.executeInternal(ClientPreparedStatement.java:101) ~[mariadb-java-client-3.4.2.jar:na]
	at org.mariadb.jdbc.ClientPreparedStatement.executeQuery(ClientPreparedStatement.java:258) ~[mariadb-java-client-3.4.2.jar:na]
	at com.zaxxer.hikari.pool.ProxyPreparedStatement.executeQuery(ProxyPreparedStatement.java:52) ~[HikariCP-5.1.0.jar:na]
	at com.zaxxer.hikari.pool.HikariProxyPreparedStatement.executeQuery(HikariProxyPreparedStatement.java) ~[HikariCP-5.1.0.jar:na]
	at org.hibernate.sql.results.jdbc.internal.DeferredResultSetAccess.executeQuery(DeferredResultSetAccess.java:251) ~[hibernate-core-6.6.22.Final.jar:6.6.22.Final]
	... 105 common frames omitted

2025-08-28T22:54:43.601+09:00  WARN 23016 --- [assignment] [http-nio-8080-exec-10] .m.m.a.ExceptionHandlerExceptionResolver : Resolved [org.springframework.dao.InvalidDataAccessResourceUsageException: JDBC exception executing SQL [select b1_0.book_detail_id from books b1_0 where b1_0.isbn=? limit ?] [(conn=672) Table 'lab_db.books' doesn't exist] [n/a]; SQL [n/a]]
2025-08-28T22:54:58.782+09:00  INFO 23016 --- [assignment] [SpringApplicationShutdownHook] o.s.b.w.e.tomcat.GracefulShutdown        : Commencing graceful shutdown. Waiting for active requests to complete
2025-08-28T22:54:58.873+09:00  INFO 23016 --- [assignment] [tomcat-shutdown] o.s.b.w.e.tomcat.GracefulShutdown        : Graceful shutdown complete
2025-08-28T22:54:58.877+09:00  INFO 23016 --- [assignment] [SpringApplicationShutdownHook] j.LocalContainerEntityManagerFactoryBean : Closing JPA EntityManagerFactory for persistence unit 'default'
2025-08-28T22:54:58.880+09:00  INFO 23016 --- [assignment] [SpringApplicationShutdownHook] com.zaxxer.hikari.HikariDataSource       : HikariPool-1 - Shutdown initiated...
2025-08-28T22:54:58.883+09:00  INFO 23016 --- [assignment] [SpringApplicationShutdownHook] com.zaxxer.hikari.HikariDataSource       : HikariPool-1 - Shutdown completed.
2025-08-28T22:55:00.794+09:00  INFO 40452 --- [assignment] [restartedMain] c.r.assignment.AssignmentApplication     : Starting AssignmentApplication using Java 17.0.2 with PID 40452 (C:\mybackend\spring_boot\SpringBootAssignment-main\target\classes started by csu19 in C:\mybackend\spring_boot\SpringBootAssignment-main)
2025-08-28T22:55:00.796+09:00  INFO 40452 --- [assignment] [restartedMain] c.r.assignment.AssignmentApplication     : The following 1 profile is active: "prod"
2025-08-28T22:55:00.842+09:00  INFO 40452 --- [assignment] [restartedMain] .e.DevToolsPropertyDefaultsPostProcessor : Devtools property defaults active! Set 'spring.devtools.add-properties' to 'false' to disable
2025-08-28T22:55:00.842+09:00  INFO 40452 --- [assignment] [restartedMain] .e.DevToolsPropertyDefaultsPostProcessor : For additional web related logging consider setting the 'logging.level.web' property to 'DEBUG'
2025-08-28T22:55:01.862+09:00  INFO 40452 --- [assignment] [restartedMain] .s.d.r.c.RepositoryConfigurationDelegate : Bootstrapping Spring Data JPA repositories in DEFAULT mode.
2025-08-28T22:55:01.909+09:00  INFO 40452 --- [assignment] [restartedMain] .s.d.r.c.RepositoryConfigurationDelegate : Finished Spring Data repository scanning in 39 ms. Found 2 JPA repository interfaces.
2025-08-28T22:55:02.688+09:00  INFO 40452 --- [assignment] [restartedMain] o.s.b.w.embedded.tomcat.TomcatWebServer  : Tomcat initialized with port 8080 (http)
2025-08-28T22:55:02.716+09:00  INFO 40452 --- [assignment] [restartedMain] o.apache.catalina.core.StandardService   : Starting service [Tomcat]
2025-08-28T22:55:02.717+09:00  INFO 40452 --- [assignment] [restartedMain] o.apache.catalina.core.StandardEngine    : Starting Servlet engine: [Apache Tomcat/10.1.43]
2025-08-28T22:55:02.781+09:00  INFO 40452 --- [assignment] [restartedMain] o.a.c.c.C.[Tomcat].[localhost].[/]       : Initializing Spring embedded WebApplicationContext
2025-08-28T22:55:02.782+09:00  INFO 40452 --- [assignment] [restartedMain] w.s.c.ServletWebServerApplicationContext : Root WebApplicationContext: initialization completed in 1938 ms
2025-08-28T22:55:03.239+09:00  INFO 40452 --- [assignment] [restartedMain] o.hibernate.jpa.internal.util.LogHelper  : HHH000204: Processing PersistenceUnitInfo [name: default]
2025-08-28T22:55:03.304+09:00  INFO 40452 --- [assignment] [restartedMain] org.hibernate.Version                    : HHH000412: Hibernate ORM core version 6.6.22.Final
2025-08-28T22:55:03.331+09:00  INFO 40452 --- [assignment] [restartedMain] o.h.c.internal.RegionFactoryInitiator    : HHH000026: Second-level cache disabled
2025-08-28T22:55:03.662+09:00  INFO 40452 --- [assignment] [restartedMain] o.s.o.j.p.SpringPersistenceUnitInfo      : No LoadTimeWeaver setup: ignoring JPA class transformer
2025-08-28T22:55:03.692+09:00  INFO 40452 --- [assignment] [restartedMain] com.zaxxer.hikari.HikariDataSource       : HikariPool-1 - Starting...
2025-08-28T22:55:03.759+09:00  INFO 40452 --- [assignment] [restartedMain] com.zaxxer.hikari.pool.HikariPool        : HikariPool-1 - Added connection org.mariadb.jdbc.Connection@5368757a
2025-08-28T22:55:03.761+09:00  INFO 40452 --- [assignment] [restartedMain] com.zaxxer.hikari.HikariDataSource       : HikariPool-1 - Start completed.
2025-08-28T22:55:03.782+09:00  WARN 40452 --- [assignment] [restartedMain] org.hibernate.orm.deprecation            : HHH90000025: MariaDBDialect does not need to be specified explicitly using 'hibernate.dialect' (remove the property setting and it will be selected by default)
2025-08-28T22:55:03.795+09:00  INFO 40452 --- [assignment] [restartedMain] org.hibernate.orm.connections.pooling    : HHH10001005: Database info:
	Database JDBC URL [Connecting through datasource 'HikariDataSource (HikariPool-1)']
	Database driver: undefined/unknown
	Database version: 10.11.5
	Autocommit mode: undefined/unknown
	Isolation level: undefined/unknown
	Minimum pool size: undefined/unknown
	Maximum pool size: undefined/unknown
2025-08-28T22:55:04.432+09:00  INFO 40452 --- [assignment] [restartedMain] o.h.e.t.j.p.i.JtaPlatformInitiator       : HHH000489: No JTA platform available (set 'hibernate.transaction.jta.platform' to enable JTA platform integration)
2025-08-28T22:55:04.487+09:00  INFO 40452 --- [assignment] [restartedMain] j.LocalContainerEntityManagerFactoryBean : Initialized JPA EntityManagerFactory for persistence unit 'default'
2025-08-28T22:55:04.982+09:00  INFO 40452 --- [assignment] [restartedMain] o.s.d.j.r.query.QueryEnhancerFactory     : Hibernate is in classpath; If applicable, HQL parser will be used.
2025-08-28T22:55:05.714+09:00  WARN 40452 --- [assignment] [restartedMain] JpaBaseConfiguration$JpaWebConfiguration : spring.jpa.open-in-view is enabled by default. Therefore, database queries may be performed during view rendering. Explicitly configure spring.jpa.open-in-view to disable this warning
2025-08-28T22:55:06.101+09:00  WARN 40452 --- [assignment] [restartedMain] ion$DefaultTemplateResolverConfiguration : Cannot find template location: classpath:/templates/ (please add some templates, check your Thymeleaf configuration, or set spring.thymeleaf.check-template-location=false)
2025-08-28T22:55:06.396+09:00  INFO 40452 --- [assignment] [restartedMain] o.s.b.a.h2.H2ConsoleAutoConfiguration    : H2 console available at '/h2-console'. Database available at 'jdbc:mariadb://127.0.0.1/lab_db?user=lab&password=***'
2025-08-28T22:55:06.444+09:00  INFO 40452 --- [assignment] [restartedMain] o.s.b.d.a.OptionalLiveReloadServer       : LiveReload server is running on port 35729
2025-08-28T22:55:06.450+09:00  INFO 40452 --- [assignment] [restartedMain] o.s.b.a.e.web.EndpointLinksResolver      : Exposing 1 endpoint beneath base path '/actuator'
2025-08-28T22:55:06.517+09:00  INFO 40452 --- [assignment] [restartedMain] o.s.b.w.embedded.tomcat.TomcatWebServer  : Tomcat started on port 8080 (http) with context path '/'
2025-08-28T22:55:06.531+09:00  INFO 40452 --- [assignment] [restartedMain] c.r.assignment.AssignmentApplication     : Started AssignmentApplication in 6.215 seconds (process running for 6.693)
2025-08-28T22:55:06.581+09:00  INFO 40452 --- [assignment] [restartedMain] c.r.assignment.runner.MyPropRunner       : 현재 활성호된 CustomerVo Bean = MyEnvironment(mode=운영환경)
2025-08-28T22:55:06.582+09:00  INFO 40452 --- [assignment] [restartedMain] c.r.assignment.runner.MyPropRunner       : username = springboot
2025-08-28T22:55:06.583+09:00  INFO 40452 --- [assignment] [restartedMain] c.r.assignment.runner.MyPropRunner       : port = 13
2025-08-28T22:55:06.583+09:00  INFO 40452 --- [assignment] [restartedMain] c.r.assignment.runner.MyPropRunner       : username = springboot
2025-08-28T22:55:06.583+09:00  INFO 40452 --- [assignment] [restartedMain] c.r.assignment.runner.MyPropRunner       : port = 82
2025-08-28T22:55:20.261+09:00  INFO 40452 --- [assignment] [http-nio-8080-exec-1] o.a.c.c.C.[Tomcat].[localhost].[/]       : Initializing Spring DispatcherServlet 'dispatcherServlet'
2025-08-28T22:55:20.261+09:00  INFO 40452 --- [assignment] [http-nio-8080-exec-1] o.s.web.servlet.DispatcherServlet        : Initializing Servlet 'dispatcherServlet'
2025-08-28T22:55:20.263+09:00  INFO 40452 --- [assignment] [http-nio-8080-exec-1] o.s.web.servlet.DispatcherServlet        : Completed initialization in 2 ms
2025-08-28T23:04:59.151+09:00  INFO 40452 --- [assignment] [SpringApplicationShutdownHook] o.s.b.w.e.tomcat.GracefulShutdown        : Commencing graceful shutdown. Waiting for active requests to complete
2025-08-28T23:04:59.228+09:00  INFO 40452 --- [assignment] [tomcat-shutdown] o.s.b.w.e.tomcat.GracefulShutdown        : Graceful shutdown complete
2025-08-28T23:04:59.232+09:00  INFO 40452 --- [assignment] [SpringApplicationShutdownHook] j.LocalContainerEntityManagerFactoryBean : Closing JPA EntityManagerFactory for persistence unit 'default'
2025-08-28T23:04:59.233+09:00  INFO 40452 --- [assignment] [SpringApplicationShutdownHook] com.zaxxer.hikari.HikariDataSource       : HikariPool-1 - Shutdown initiated...
2025-08-28T23:04:59.237+09:00  INFO 40452 --- [assignment] [SpringApplicationShutdownHook] com.zaxxer.hikari.HikariDataSource       : HikariPool-1 - Shutdown completed.
2025-08-28T23:05:03.067+09:00  INFO 24976 --- [assignment] [restartedMain] c.r.assignment.AssignmentApplication     : Starting AssignmentApplication using Java 17.0.2 with PID 24976 (C:\mybackend\spring_boot\SpringBootAssignment-main\target\classes started by csu19 in C:\mybackend\spring_boot\SpringBootAssignment-main)
2025-08-28T23:05:03.070+09:00  INFO 24976 --- [assignment] [restartedMain] c.r.assignment.AssignmentApplication     : The following 1 profile is active: "prod"
2025-08-28T23:05:03.129+09:00  INFO 24976 --- [assignment] [restartedMain] .e.DevToolsPropertyDefaultsPostProcessor : Devtools property defaults active! Set 'spring.devtools.add-properties' to 'false' to disable
2025-08-28T23:05:03.130+09:00  INFO 24976 --- [assignment] [restartedMain] .e.DevToolsPropertyDefaultsPostProcessor : For additional web related logging consider setting the 'logging.level.web' property to 'DEBUG'
2025-08-28T23:05:04.200+09:00  INFO 24976 --- [assignment] [restartedMain] .s.d.r.c.RepositoryConfigurationDelegate : Bootstrapping Spring Data JPA repositories in DEFAULT mode.
2025-08-28T23:05:04.252+09:00  INFO 24976 --- [assignment] [restartedMain] .s.d.r.c.RepositoryConfigurationDelegate : Finished Spring Data repository scanning in 44 ms. Found 2 JPA repository interfaces.
2025-08-28T23:05:05.126+09:00  INFO 24976 --- [assignment] [restartedMain] o.s.b.w.embedded.tomcat.TomcatWebServer  : Tomcat initialized with port 8080 (http)
2025-08-28T23:05:05.149+09:00  INFO 24976 --- [assignment] [restartedMain] o.apache.catalina.core.StandardService   : Starting service [Tomcat]
2025-08-28T23:05:05.150+09:00  INFO 24976 --- [assignment] [restartedMain] o.apache.catalina.core.StandardEngine    : Starting Servlet engine: [Apache Tomcat/10.1.43]
2025-08-28T23:05:05.213+09:00  INFO 24976 --- [assignment] [restartedMain] o.a.c.c.C.[Tomcat].[localhost].[/]       : Initializing Spring embedded WebApplicationContext
2025-08-28T23:05:05.213+09:00  INFO 24976 --- [assignment] [restartedMain] w.s.c.ServletWebServerApplicationContext : Root WebApplicationContext: initialization completed in 2083 ms
2025-08-28T23:05:05.660+09:00  INFO 24976 --- [assignment] [restartedMain] o.hibernate.jpa.internal.util.LogHelper  : HHH000204: Processing PersistenceUnitInfo [name: default]
2025-08-28T23:05:05.750+09:00  INFO 24976 --- [assignment] [restartedMain] org.hibernate.Version                    : HHH000412: Hibernate ORM core version 6.6.22.Final
2025-08-28T23:05:05.797+09:00  INFO 24976 --- [assignment] [restartedMain] o.h.c.internal.RegionFactoryInitiator    : HHH000026: Second-level cache disabled
2025-08-28T23:05:06.184+09:00  INFO 24976 --- [assignment] [restartedMain] o.s.o.j.p.SpringPersistenceUnitInfo      : No LoadTimeWeaver setup: ignoring JPA class transformer
2025-08-28T23:05:06.220+09:00  INFO 24976 --- [assignment] [restartedMain] com.zaxxer.hikari.HikariDataSource       : HikariPool-1 - Starting...
2025-08-28T23:05:06.275+09:00  INFO 24976 --- [assignment] [restartedMain] com.zaxxer.hikari.pool.HikariPool        : HikariPool-1 - Added connection org.mariadb.jdbc.Connection@603ccf80
2025-08-28T23:05:06.277+09:00  INFO 24976 --- [assignment] [restartedMain] com.zaxxer.hikari.HikariDataSource       : HikariPool-1 - Start completed.
2025-08-28T23:05:06.297+09:00  WARN 24976 --- [assignment] [restartedMain] org.hibernate.orm.deprecation            : HHH90000025: MariaDBDialect does not need to be specified explicitly using 'hibernate.dialect' (remove the property setting and it will be selected by default)
2025-08-28T23:05:06.312+09:00  INFO 24976 --- [assignment] [restartedMain] org.hibernate.orm.connections.pooling    : HHH10001005: Database info:
	Database JDBC URL [Connecting through datasource 'HikariDataSource (HikariPool-1)']
	Database driver: undefined/unknown
	Database version: 10.11.5
	Autocommit mode: undefined/unknown
	Isolation level: undefined/unknown
	Minimum pool size: undefined/unknown
	Maximum pool size: undefined/unknown
2025-08-28T23:05:06.997+09:00  INFO 24976 --- [assignment] [restartedMain] o.h.e.t.j.p.i.JtaPlatformInitiator       : HHH000489: No JTA platform available (set 'hibernate.transaction.jta.platform' to enable JTA platform integration)
2025-08-28T23:05:07.043+09:00  INFO 24976 --- [assignment] [restartedMain] j.LocalContainerEntityManagerFactoryBean : Initialized JPA EntityManagerFactory for persistence unit 'default'
2025-08-28T23:05:07.328+09:00  INFO 24976 --- [assignment] [restartedMain] o.s.d.j.r.query.QueryEnhancerFactory     : Hibernate is in classpath; If applicable, HQL parser will be used.
2025-08-28T23:05:07.980+09:00  WARN 24976 --- [assignment] [restartedMain] JpaBaseConfiguration$JpaWebConfiguration : spring.jpa.open-in-view is enabled by default. Therefore, database queries may be performed during view rendering. Explicitly configure spring.jpa.open-in-view to disable this warning
2025-08-28T23:05:08.428+09:00  WARN 24976 --- [assignment] [restartedMain] ion$DefaultTemplateResolverConfiguration : Cannot find template location: classpath:/templates/ (please add some templates, check your Thymeleaf configuration, or set spring.thymeleaf.check-template-location=false)
2025-08-28T23:05:08.767+09:00  INFO 24976 --- [assignment] [restartedMain] o.s.b.a.h2.H2ConsoleAutoConfiguration    : H2 console available at '/h2-console'. Database available at 'jdbc:mariadb://127.0.0.1/lab_db?user=lab&password=***'
2025-08-28T23:05:08.816+09:00  INFO 24976 --- [assignment] [restartedMain] o.s.b.d.a.OptionalLiveReloadServer       : LiveReload server is running on port 35729
2025-08-28T23:05:08.824+09:00  INFO 24976 --- [assignment] [restartedMain] o.s.b.a.e.web.EndpointLinksResolver      : Exposing 1 endpoint beneath base path '/actuator'
2025-08-28T23:05:08.891+09:00  INFO 24976 --- [assignment] [restartedMain] o.s.b.w.embedded.tomcat.TomcatWebServer  : Tomcat started on port 8080 (http) with context path '/'
2025-08-28T23:05:08.904+09:00  INFO 24976 --- [assignment] [restartedMain] c.r.assignment.AssignmentApplication     : Started AssignmentApplication in 6.3 seconds (process running for 6.682)
2025-08-28T23:05:08.959+09:00  INFO 24976 --- [assignment] [restartedMain] c.r.assignment.runner.MyPropRunner       : 현재 활성호된 CustomerVo Bean = MyEnvironment(mode=운영환경)
2025-08-28T23:05:08.960+09:00  INFO 24976 --- [assignment] [restartedMain] c.r.assignment.runner.MyPropRunner       : username = springboot
2025-08-28T23:05:08.961+09:00  INFO 24976 --- [assignment] [restartedMain] c.r.assignment.runner.MyPropRunner       : port = 10
2025-08-28T23:05:08.961+09:00  INFO 24976 --- [assignment] [restartedMain] c.r.assignment.runner.MyPropRunner       : username = springboot
2025-08-28T23:05:08.961+09:00  INFO 24976 --- [assignment] [restartedMain] c.r.assignment.runner.MyPropRunner       : port = 44
2025-08-28T23:05:15.179+09:00  INFO 24976 --- [assignment] [http-nio-8080-exec-1] o.a.c.c.C.[Tomcat].[localhost].[/]       : Initializing Spring DispatcherServlet 'dispatcherServlet'
2025-08-28T23:05:15.180+09:00  INFO 24976 --- [assignment] [http-nio-8080-exec-1] o.s.web.servlet.DispatcherServlet        : Initializing Servlet 'dispatcherServlet'
2025-08-28T23:05:15.181+09:00  INFO 24976 --- [assignment] [http-nio-8080-exec-1] o.s.web.servlet.DispatcherServlet        : Completed initialization in 1 ms
2025-08-28T23:05:35.870+09:00  INFO 24976 --- [assignment] [SpringApplicationShutdownHook] o.s.b.w.e.tomcat.GracefulShutdown        : Commencing graceful shutdown. Waiting for active requests to complete
2025-08-28T23:05:35.949+09:00  INFO 24976 --- [assignment] [tomcat-shutdown] o.s.b.w.e.tomcat.GracefulShutdown        : Graceful shutdown complete
2025-08-28T23:05:35.953+09:00  INFO 24976 --- [assignment] [SpringApplicationShutdownHook] j.LocalContainerEntityManagerFactoryBean : Closing JPA EntityManagerFactory for persistence unit 'default'
2025-08-28T23:05:35.955+09:00  INFO 24976 --- [assignment] [SpringApplicationShutdownHook] com.zaxxer.hikari.HikariDataSource       : HikariPool-1 - Shutdown initiated...
2025-08-28T23:05:35.958+09:00  INFO 24976 --- [assignment] [SpringApplicationShutdownHook] com.zaxxer.hikari.HikariDataSource       : HikariPool-1 - Shutdown completed.
